Component: ARM Compiler 5.06 update 5 (build 528) Tool: armlink [4d35e2]

==============================================================================

Section Cross References

    startup_stm32f103xb.o(RESET) refers to startup_stm32f103xb.o(STACK) for __initial_sp
    startup_stm32f103xb.o(RESET) refers to startup_stm32f103xb.o(.text) for Reset_Handler
    startup_stm32f103xb.o(RESET) refers to stm32f1xx_it.o(i.NMI_Handler) for NMI_Handler
    startup_stm32f103xb.o(RESET) refers to stm32f1xx_it.o(i.HardFault_Handler) for HardFault_Handler
    startup_stm32f103xb.o(RESET) refers to stm32f1xx_it.o(i.MemManage_Handler) for MemManage_Handler
    startup_stm32f103xb.o(RESET) refers to stm32f1xx_it.o(i.BusFault_Handler) for BusFault_Handler
    startup_stm32f103xb.o(RESET) refers to stm32f1xx_it.o(i.UsageFault_Handler) for UsageFault_Handler
    startup_stm32f103xb.o(RESET) refers to stm32f1xx_it.o(i.SVC_Handler) for SVC_Handler
    startup_stm32f103xb.o(RESET) refers to stm32f1xx_it.o(i.DebugMon_Handler) for DebugMon_Handler
    startup_stm32f103xb.o(RESET) refers to stm32f1xx_it.o(i.PendSV_Handler) for PendSV_Handler
    startup_stm32f103xb.o(RESET) refers to stm32f1xx_it.o(i.SysTick_Handler) for SysTick_Handler
    startup_stm32f103xb.o(RESET) refers to stm32f1xx_it.o(i.TIM1_BRK_IRQHandler) for TIM1_BRK_IRQHandler
    startup_stm32f103xb.o(RESET) refers to stm32f1xx_it.o(i.TIM1_UP_IRQHandler) for TIM1_UP_IRQHandler
    startup_stm32f103xb.o(RESET) refers to stm32f1xx_it.o(i.USART1_IRQHandler) for USART1_IRQHandler
    startup_stm32f103xb.o(.text) refers to system_stm32f1xx.o(i.SystemInit) for SystemInit
    startup_stm32f103xb.o(.text) refers to entry.o(.ARM.Collect$$$$00000000) for __main
    main.o(i.SystemClock_Config) refers to memseta.o(.text) for __aeabi_memclr4
    main.o(i.SystemClock_Config) refers to stm32f1xx_hal_rcc.o(i.HAL_RCC_OscConfig) for HAL_RCC_OscConfig
    main.o(i.SystemClock_Config) refers to main.o(i.Error_Handler) for Error_Handler
    main.o(i.SystemClock_Config) refers to stm32f1xx_hal_rcc.o(i.HAL_RCC_ClockConfig) for HAL_RCC_ClockConfig
    main.o(i.SystemClock_Config) refers to stm32f1xx_hal_rcc_ex.o(i.HAL_RCCEx_PeriphCLKConfig) for HAL_RCCEx_PeriphCLKConfig
    main.o(i.main) refers to stm32f1xx_hal.o(i.HAL_Init) for HAL_Init
    main.o(i.main) refers to main.o(i.SystemClock_Config) for SystemClock_Config
    main.o(i.main) refers to gpio.o(i.MX_GPIO_Init) for MX_GPIO_Init
    main.o(i.main) refers to adc.o(i.MX_ADC1_Init) for MX_ADC1_Init
    main.o(i.main) refers to spi.o(i.MX_SPI1_Init) for MX_SPI1_Init
    main.o(i.main) refers to usart.o(i.MX_USART1_UART_Init) for MX_USART1_UART_Init
    main.o(i.main) refers to usart.o(i.MX_USART2_UART_Init) for MX_USART2_UART_Init
    main.o(i.main) refers to tim.o(i.MX_TIM1_Init) for MX_TIM1_Init
    main.o(i.main) refers to usart.o(i.MX_USART3_UART_Init) for MX_USART3_UART_Init
    main.o(i.main) refers to oled.o(i.OLED_Init) for OLED_Init
    main.o(i.main) refers to oled.o(i.OLED_Clear) for OLED_Clear
    main.o(i.main) refers to key.o(i.key_init) for key_init
    main.o(i.main) refers to communication.o(i.KT6368A_Init) for KT6368A_Init
    main.o(i.main) refers to gui.o(i.Menu_Init) for Menu_Init
    main.o(i.main) refers to stm32f1xx_hal_adc_ex.o(i.HAL_ADCEx_Calibration_Start) for HAL_ADCEx_Calibration_Start
    main.o(i.main) refers to stm32f1xx_hal_tim.o(i.HAL_TIM_Base_Start_IT) for HAL_TIM_Base_Start_IT
    main.o(i.main) refers to at_cmd.o(i.atprintf) for atprintf
    main.o(i.main) refers to ringbuffer.o(i.ringBuffer_pop_data) for ringBuffer_pop_data
    main.o(i.main) refers to stm32f1xx_hal_adc.o(i.HAL_ADC_Start) for HAL_ADC_Start
    main.o(i.main) refers to stm32f1xx_hal_adc.o(i.HAL_ADC_PollForConversion) for HAL_ADC_PollForConversion
    main.o(i.main) refers to stm32f1xx_hal_adc.o(i.HAL_ADC_GetValue) for HAL_ADC_GetValue
    main.o(i.main) refers to dfltui.o(.text) for __aeabi_ui2d
    main.o(i.main) refers to dmul.o(.text) for __aeabi_dmul
    main.o(i.main) refers to ddiv.o(.text) for __aeabi_ddiv
    main.o(i.main) refers to d2f.o(.text) for __aeabi_d2f
    main.o(i.main) refers to stm32f1xx_hal_adc.o(i.HAL_ADC_Stop) for HAL_ADC_Stop
    main.o(i.main) refers to fadd.o(.text) for __aeabi_fsub
    main.o(i.main) refers to gui.o(i.dispaly) for dispaly
    main.o(i.main) refers to communication.o(i.SendFloatMsg) for SendFloatMsg
    main.o(i.main) refers to stm32f1xx_hal.o(i.HAL_Delay) for HAL_Delay
    main.o(i.main) refers to adc.o(.bss) for hadc1
    main.o(i.main) refers to tim.o(.bss) for htim1
    main.o(i.main) refers to key.o(.bss) for ringbuffer
    gpio.o(i.MX_GPIO_Init) refers to stm32f1xx_hal_gpio.o(i.HAL_GPIO_WritePin) for HAL_GPIO_WritePin
    gpio.o(i.MX_GPIO_Init) refers to stm32f1xx_hal_gpio.o(i.HAL_GPIO_Init) for HAL_GPIO_Init
    adc.o(i.HAL_ADC_MspDeInit) refers to stm32f1xx_hal_gpio.o(i.HAL_GPIO_DeInit) for HAL_GPIO_DeInit
[...]
    i.__0sprintf                             0x08003590   Section        0  printfa.o(i.__0sprintf)
    i.__0vsprintf                            0x080035b8   Section        0  printfa.o(i.__0vsprintf)
    i.__NVIC_SetPriority                     0x080035dc   Section        0  stm32f1xx_hal_cortex.o(i.__NVIC_SetPriority)
    __NVIC_SetPriority                       0x080035dd   Thumb Code    32  stm32f1xx_hal_cortex.o(i.__NVIC_SetPriority)
    i.__scatterload_copy                     0x080035fc   Section       14  handlers.o(i.__scatterload_copy)
    i.__scatterload_null                     0x0800360a   Section        2  handlers.o(i.__scatterload_null)
    i.__scatterload_zeroinit                 0x0800360c   Section       14  handlers.o(i.__scatterload_zeroinit)
    i._fp_digits                             0x0800361c   Section        0  printfa.o(i._fp_digits)
    _fp_digits                               0x0800361d   Thumb Code   366  printfa.o(i._fp_digits)
    i._printf_core                           0x080037a0   Section        0  printfa.o(i._printf_core)
    _printf_core                             0x080037a1   Thumb Code  1744  printfa.o(i._printf_core)
    i._printf_post_padding                   0x08003e7c   Section        0  printfa.o(i._printf_post_padding)
    _printf_post_padding                     0x08003e7d   Thumb Code    36  printfa.o(i._printf_post_padding)
    i._printf_pre_padding                    0x08003ea0   Section        0  printfa.o(i._printf_pre_padding)
    _printf_pre_padding                      0x08003ea1   Thumb Code    46  printfa.o(i._printf_pre_padding)
    i._sputc                                 0x08003ece   Section        0  printfa.o(i._sputc)
    _sputc                                   0x08003ecf   Thumb Code    10  printfa.o(i._sputc)
    i.atprintf                               0x08003ed8   Section        0  at_cmd.o(i.atprintf)
    i.dispaly                                0x08003f08   Section        0  gui.o(i.dispaly)
    i.get_mf_mode                            0x080041c0   Section        0  communication.o(i.get_mf_mode)
    i.get_rc_connected                       0x08004204   Section        0  communication.o(i.get_rc_connected)
    i.get_voltage                            0x08004210   Section        0  communication.o(i.get_voltage)
    i.key_init                               0x0800421c   Section        0  key.o(i.key_init)
    i.main                                   0x0800422c   Section        0  main.o(i.main)
    i.malloc                                 0x080043ac   Section        0  malloc.o(i.malloc)
    i.reset_rc_connected                     0x08004418   Section        0  communication.o(i.reset_rc_connected)
    reset_rc_connected                       0x08004419   Thumb Code     8  communication.o(i.reset_rc_connected)
    i.ringBuffer_get_unused_size             0x08004424   Section        0  ringbuffer.o(i.ringBuffer_get_unused_size)
    i.ringBuffer_get_used_size               0x08004430   Section        0  ringbuffer.o(i.ringBuffer_get_used_size)
    i.ringBuffer_int                         0x08004448   Section        0  ringbuffer.o(i.ringBuffer_int)
    i.ringBuffer_pop_data                    0x0800445a   Section        0  ringbuffer.o(i.ringBuffer_pop_data)
    i.ringBuffer_push_data                   0x080044ae   Section        0  ringbuffer.o(i.ringBuffer_push_data)
    i.set_rc_connected                       0x08004500   Section        0  communication.o(i.set_rc_connected)
    i.u8g2Init                               0x0800451c   Section        0  u8g2_init.o(i.u8g2Init)
    i.u8g2_ClearBuffer                       0x08004550   Section        0  u8g2_buffer.o(i.u8g2_ClearBuffer)
    i.u8g2_DrawCircle                        0x08004562   Section        0  u8g2_circle.o(i.u8g2_DrawCircle)
    i.u8g2_DrawGlyph                         0x080045a2   Section        0  u8g2_font.o(i.u8g2_DrawGlyph)
    i.u8g2_DrawHLine                         0x08004612   Section        0  u8g2_hvline.o(i.u8g2_DrawHLine)
    i.u8g2_DrawHVLine                        0x08004620   Section        0  u8g2_hvline.o(i.u8g2_DrawHVLine)
    i.u8g2_DrawHXBMP                         0x080046cc   Section        0  u8g2_bitmap.o(i.u8g2_DrawHXBMP)
    i.u8g2_DrawPixel                         0x08004760   Section        0  u8g2_hvline.o(i.u8g2_DrawPixel)
    i.u8g2_DrawStr                           0x08004790   Section        0  u8g2_font.o(i.u8g2_DrawStr)
    i.u8g2_DrawVLine                         0x080047a0   Section        0  u8g2_hvline.o(i.u8g2_DrawVLine)
    i.u8g2_DrawXBMP                          0x080047ac   Section        0  u8g2_bitmap.o(i.u8g2_DrawXBMP)
    i.u8g2_IsIntersection                    0x080047f8   Section        0  u8g2_intersection.o(i.u8g2_IsIntersection)
    i.u8g2_SendBuffer                        0x08004828   Section        0  u8g2_buffer.o(i.u8g2_SendBuffer)
    i.u8g2_SetFont                           0x0800483a   Section        0  u8g2_font.o(i.u8g2_SetFont)
    i.u8g2_SetFontPosBaseline                0x0800485c   Section        0  u8g2_font.o(i.u8g2_SetFontPosBaseline)
    i.u8g2_SetMaxClipWindow                  0x08004868   Section        0  u8g2_setup.o(i.u8g2_SetMaxClipWindow)
    i.u8g2_SetupBuffer                       0x08004882   Section        0  u8g2_setup.o(i.u8g2_SetupBuffer)
    i.u8g2_Setup_sh1106_128x64_noname_f      0x080048c4   Section        0  u8g2_d_setup.o(i.u8g2_Setup_sh1106_128x64_noname_f)
    i.u8g2_UpdateRefHeight                   0x080048fc   Section        0  u8g2_font.o(i.u8g2_UpdateRefHeight)
    i.u8g2_add_vector_x                      0x0800494e   Section        0  u8g2_font.o(i.u8g2_add_vector_x)
    u8g2_add_vector_x                        0x0800494f   Thumb Code    28  u8g2_font.o(i.u8g2_add_vector_x)
    i.u8g2_add_vector_y                      0x0800496a   Section        0  u8g2_font.o(i.u8g2_add_vector_y)
    u8g2_add_vector_y                        0x0800496b   Thumb Code    28  u8g2_font.o(i.u8g2_add_vector_y)
    i.u8g2_apply_clip_window                 0x08004986   Section        0  u8g2_setup.o(i.u8g2_apply_clip_window)
    u8g2_apply_clip_window                   0x08004987   Thumb Code   110  u8g2_setup.o(i.u8g2_apply_clip_window)
    i.u8g2_clip_intersection2                0x080049f4   Section        0  u8g2_hvline.o(i.u8g2_clip_intersection2)
    u8g2_clip_intersection2                  0x080049f5   Thumb Code    60  u8g2_hvline.o(i.u8g2_clip_intersection2)
    i.u8g2_draw_circle                       0x08004a30   Section        0  u8g2_circle.o(i.u8g2_draw_circle)
    u8g2_draw_circle                         0x08004a31   Thumb Code   106  u8g2_circle.o(i.u8g2_draw_circle)
    i.u8g2_draw_circle_section               0x08004a9a   Section        0  u8g2_circle.o(i.u8g2_draw_circle_section)
    u8g2_draw_circle_section                 0x08004a9b   Thumb Code   186  u8g2_circle.o(i.u8g2_draw_circle_section)
    i.u8g2_draw_hv_line_2dir                 0x08004b54   Section        0  u8g2_hvline.o(i.u8g2_draw_hv_line_2dir)
    i.u8g2_draw_l90_r0                       0x08004b68   Section        0  u8g2_setup.o(i.u8g2_draw_l90_r0)
    i.u8g2_draw_string                       0x08004b74   Section        0  u8g2_font.o(i.u8g2_draw_string)
    u8g2_draw_string                         0x08004b75   Thumb Code   118  u8g2_font.o(i.u8g2_draw_string)
    i.u8g2_font_calc_vref_font               0x08004bea   Section        0  u8g2_font.o(i.u8g2_font_calc_vref_font)
    i.u8g2_font_decode_get_signed_bits       0x08004bee   Section        0  u8g2_font.o(i.u8g2_font_decode_get_signed_bits)
    i.u8g2_font_decode_get_unsigned_bits     0x08004c02   Section        0  u8g2_font.o(i.u8g2_font_decode_get_unsigned_bits)
    i.u8g2_font_decode_glyph                 0x08004c38   Section        0  u8g2_font.o(i.u8g2_font_decode_glyph)
    i.u8g2_font_decode_len                   0x08004d44   Section        0  u8g2_font.o(i.u8g2_font_decode_len)
    i.u8g2_font_get_glyph_data               0x08004dd0   Section        0  u8g2_font.o(i.u8g2_font_get_glyph_data)
    i.u8g2_font_get_word                     0x08004e42   Section        0  u8g2_font.o(i.u8g2_font_get_word)
    u8g2_font_get_word                       0x08004e43   Thumb Code    20  u8g2_font.o(i.u8g2_font_get_word)
    i.u8g2_font_setup_decode                 0x08004e56   Section        0  u8g2_font.o(i.u8g2_font_setup_decode)
    u8g2_font_setup_decode                   0x08004e57   Thumb Code    52  u8g2_font.o(i.u8g2_font_setup_decode)
    i.u8g2_is_intersection_decision_tree     0x08004e8a   Section        0  u8g2_intersection.o(i.u8g2_is_intersection_decision_tree)
    i.u8g2_ll_hvline_vertical_top_lsb        0x08004ea4   Section        0  u8g2_ll_hvline.o(i.u8g2_ll_hvline_vertical_top_lsb)
    i.u8g2_m_16_8_f                          0x08004f34   Section        0  u8g2_d_memory.o(i.u8g2_m_16_8_f)
    i.u8g2_read_font_info                    0x08004f40   Section        0  u8g2_font.o(i.u8g2_read_font_info)
    i.u8g2_send_buffer                       0x08004faa   Section        0  u8g2_buffer.o(i.u8g2_send_buffer)
    u8g2_send_buffer                         0x08004fab   Thumb Code    78  u8g2_buffer.o(i.u8g2_send_buffer)
    i.u8g2_update_dimension_common           0x08004ff8   Section        0  u8g2_setup.o(i.u8g2_update_dimension_common)
    u8g2_update_dimension_common             0x08004ff9   Thumb Code    88  u8g2_setup.o(i.u8g2_update_dimension_common)
    i.u8g2_update_dimension_r0               0x08005050   Section        0  u8g2_setup.o(i.u8g2_update_dimension_r0)
    i.u8g2_update_page_win_r0                0x08005054   Section        0  u8g2_setup.o(i.u8g2_update_page_win_r0)
    i.u8x8_DrawTile                          0x08005076   Section        0  u8x8_display.o(i.u8x8_DrawTile)
    i.u8x8_InitDisplay                       0x08005094   Section        0  u8x8_display.o(i.u8x8_InitDisplay)
    i.u8x8_RefreshDisplay                    0x080050a4   Section        0  u8x8_display.o(i.u8x8_RefreshDisplay)
    i.u8x8_SetPowerSave                      0x080050b4   Section        0  u8x8_display.o(i.u8x8_SetPowerSave)
    i.u8x8_Setup                             0x080050c4   Section        0  u8x8_setup.o(i.u8x8_Setup)
    i.u8x8_SetupDefaults                     0x080050e8   Section        0  u8x8_setup.o(i.u8x8_SetupDefaults)
    i.u8x8_SetupMemory                       0x08005110   Section        0  u8x8_display.o(i.u8x8_SetupMemory)
    i.u8x8_ascii_next                        0x08005120   Section        0  u8x8_8x8.o(i.u8x8_ascii_next)
    i.u8x8_byte_4wire_hw_spi                 0x08005130   Section        0  u8g2_init.o(i.u8x8_byte_4wire_hw_spi)
    i.u8x8_byte_SendByte                     0x0800517c   Section        0  u8x8_byte.o(i.u8x8_byte_SendByte)
    i.u8x8_byte_SetDC                        0x0800518a   Section        0  u8x8_byte.o(i.u8x8_byte_SetDC)
    i.u8x8_cad_001                           0x0800519a   Section        0  u8x8_cad.o(i.u8x8_cad_001)
    i.u8x8_cad_EndTransfer                   0x080051ec   Section        0  u8x8_cad.o(i.u8x8_cad_EndTransfer)
    i.u8x8_cad_SendArg                       0x080051fc   Section        0  u8x8_cad.o(i.u8x8_cad_SendArg)
    i.u8x8_cad_SendCmd                       0x0800520c   Section        0  u8x8_cad.o(i.u8x8_cad_SendCmd)
    i.u8x8_cad_SendData                      0x0800521c   Section        0  u8x8_cad.o(i.u8x8_cad_SendData)
    i.u8x8_cad_SendSequence                  0x0800522c   Section        0  u8x8_cad.o(i.u8x8_cad_SendSequence)
    i.u8x8_cad_StartTransfer                 0x08005294   Section        0  u8x8_cad.o(i.u8x8_cad_StartTransfer)
    i.u8x8_d_helper_display_init             0x080052a4   Section        0  u8x8_display.o(i.u8x8_d_helper_display_init)
    i.u8x8_d_helper_display_setup_memory     0x08005304   Section        0  u8x8_display.o(i.u8x8_d_helper_display_setup_memory)
    i.u8x8_d_sh1106_128x64_noname            0x08005310   Section        0  u8x8_d_ssd1306_128x64_noname.o(i.u8x8_d_sh1106_128x64_noname)
    i.u8x8_d_ssd1306_sh1106_generic          0x0800534c   Section        0  u8x8_d_ssd1306_128x64_noname.o(i.u8x8_d_ssd1306_sh1106_generic)
    u8x8_d_ssd1306_sh1106_generic            0x0800534d   Thumb Code   196  u8x8_d_ssd1306_128x64_noname.o(i.u8x8_d_ssd1306_sh1106_generic)
    i.u8x8_dummy_cb                          0x08005414   Section        0  u8x8_setup.o(i.u8x8_dummy_cb)
    i.u8x8_gpio_and_delay                    0x08005418   Section        0  u8g2_init.o(i.u8x8_gpio_and_delay)
    i.u8x8_gpio_call                         0x08005446   Section        0  u8x8_gpio.o(i.u8x8_gpio_call)
    i.u8x8_utf8_init                         0x08005452   Section        0  u8x8_8x8.o(i.u8x8_utf8_init)
    .constdata                               0x0800545a   Section       18  stm32f1xx_hal_rcc.o(.constdata)
    aPredivFactorTable                       0x0800545a   Data           2  stm32f1xx_hal_rcc.o(.constdata)
    aPLLMULFactorTable                       0x0800545c   Data          16  stm32f1xx_hal_rcc.o(.constdata)
    .constdata                               0x0800546c   Section       18  stm32f1xx_hal_rcc_ex.o(.constdata)
    aPredivFactorTable                       0x0800546c   Data           2  stm32f1xx_hal_rcc_ex.o(.constdata)
    aPLLMULFactorTable                       0x0800546e   Data          16  stm32f1xx_hal_rcc_ex.o(.constdata)
    .constdata                               0x0800547e   Section       16  system_stm32f1xx.o(.constdata)
    .constdata                               0x0800548e   Section        8  system_stm32f1xx.o(.constdata)
    .constdata                               0x08005496   Section      136  gui.o(.constdata)
    .constdata                               0x0800551e   Section     1677  u8g2_fonts.o(.constdata)
    .constdata                               0x08005bac   Section       12  u8g2_setup.o(.constdata)
    .constdata                               0x08005bb8   Section      276  u8x8_d_ssd1306_128x64_noname.o(.constdata)
    u8x8_d_ssd1306_128x64_noname_powersave0_seq 0x08005bb8   Data           5  u8x8_d_ssd1306_128x64_noname.o(.constdata)
    u8x8_d_ssd1306_128x64_noname_powersave1_seq 0x08005bbd   Data           5  u8x8_d_ssd1306_128x64_noname.o(.constdata)
    u8x8_d_ssd1306_128x64_noname_flip0_seq   0x08005bc2   Data           7  u8x8_d_ssd1306_128x64_noname.o(.constdata)
    u8x8_d_ssd1306_128x64_noname_flip1_seq   0x08005bc9   Data           7  u8x8_d_ssd1306_128x64_noname.o(.constdata)
    u8x8_d_ssd1306_128x64_noname_init_seq    0x08005bd0   Data          53  u8x8_d_ssd1306_128x64_noname.o(.constdata)
    u8x8_d_ssd1306_128x64_vcomh0_init_seq    0x08005c05   Data          53  u8x8_d_ssd1306_128x64_noname.o(.constdata)
    u8x8_d_ssd1306_128x64_alt0_init_seq      0x08005c3a   Data          53  u8x8_d_ssd1306_128x64_noname.o(.constdata)
    u8x8_d_sh1106_128x64_winstar_init_seq    0x08005c6f   Data          45  u8x8_d_ssd1306_128x64_noname.o(.constdata)
    u8x8_ssd1306_128x64_noname_display_info  0x08005c9c   Data          24  u8x8_d_ssd1306_128x64_noname.o(.constdata)
    u8x8_sh1106_128x64_noname_display_info   0x08005cb4   Data          24  u8x8_d_ssd1306_128x64_noname.o(.constdata)
    .data                                    0x20000000   Section       12  stm32f1xx_hal.o(.data)
    .data                                    0x2000000c   Section        4  system_stm32f1xx.o(.data)
    .data                                    0x20000010   Section        6  key.o(.data)
    key_raw_value                            0x20000010   Data           6  key.o(.data)
    .data                                    0x20000018   Section      228  gui.o(.data)
    .data                                    0x200000fc   Section        8  communication.o(.data)
    rc_connected                             0x200000fc   Data           1  communication.o(.data)
    rc_step1                                 0x200000fe   Data           1  communication.o(.data)
    rc_step2                                 0x200000ff   Data           1  communication.o(.data)
    msg_type                                 0x20000100   Data           1  communication.o(.data)
    msg_length                               0x20000101   Data           1  communication.o(.data)
    sumA                                     0x20000102   Data           1  communication.o(.data)
    sumB                                     0x20000103   Data           1  communication.o(.data)
    .data                                    0x20000104   Section        4  mvars.o(.data)
    .data                                    0x20000108   Section        4  mvars.o(.data)
    .bss                                     0x2000010c   Section       48  adc.o(.bss)
    .bss                                     0x2000013c   Section       88  spi.o(.bss)
    .bss                                     0x20000194   Section       72  tim.o(.bss)
    .bss                                     0x200001dc   Section      216  usart.o(.bss)
    .bss                                     0x200002b4   Section     1160  key.o(.bss)
    .bss                                     0x2000073c   Section      136  gui.o(.bss)
    .bss                                     0x200007c4   Section       32  communication.o(.bss)
    msg_pack                                 0x200007d4   Data          16  communication.o(.bss)
    .bss                                     0x200007e4   Section     1024  u8g2_d_memory.o(.bss)
    buf                                      0x200007e4   Data        1024  u8g2_d_memory.o(.bss)
    HEAP                                     0x20000be8   Section      512  startup_stm32f103xb.o(HEAP)
    STACK                                    0x20000de8   Section     1024  startup_stm32f103xb.o(STACK)

    Global Symbols

    Symbol Name                              Value     Ov Type        Size  Object(Section)

    BuildAttributes$$THM_ISAv4$P$D$K$B$S$PE$A:L22UL41UL21$X:L11$S22US41US21$IEEE1$IW$USESV6$~STKCKD$USESV7$~SHL$OTIME$ROPI$EBA8$MICROLIB$REQ8$PRES8$EABIv2 0x00000000   Number         0  anon$$obj.o ABSOLUTE
    __ARM_use_no_argv                        0x00000000   Number         0  main.o ABSOLUTE
    __use_no_errno                           0x00000000   Number         0  useno.o ABSOLUTE
    __use_no_exception_handling              0x00000000   Number         0  useno.o ABSOLUTE
    __use_no_fp                              0x00000000   Number         0  useno.o ABSOLUTE
    __use_no_heap                            0x00000000   Number         0  useno.o ABSOLUTE
    __use_no_heap_region                     0x00000000   Number         0  useno.o ABSOLUTE
    __use_no_semihosting                     0x00000000   Number         0  useno.o ABSOLUTE
    __use_no_semihosting_swi                 0x00000000   Number         0  useno.o ABSOLUTE
    __use_no_signal_handling                 0x00000000   Number         0  useno.o ABSOLUTE
    _printf_a                                0x00000000   Number         0  stubs.o ABSOLUTE
    _printf_c                                0x00000000   Number         0  stubs.o ABSOLUTE
    _printf_charcount                        0x00000000   Number         0  stubs.o ABSOLUTE
    _printf_d                                0x00000000   Number         0  stubs.o ABSOLUTE
    _printf_e                                0x00000000   Number         0  stubs.o ABSOLUTE
    _printf_f                                0x00000000   Number         0  stubs.o ABSOLUTE
    _printf_flags                            0x00000000   Number         0  stubs.o ABSOLUTE
    _printf_fp_dec                           0x00000000   Number         0  stubs.o ABSOLUTE
    _printf_fp_hex                           0x00000000   Number         0  stubs.o ABSOLUTE
    _printf_g                                0x00000000   Number         0  stubs.o ABSOLUTE
    _printf_i                                0x00000000   Number         0  stubs.o ABSOLUTE
    _printf_int_dec                          0x00000000   Number         0  stubs.o ABSOLUTE
    _printf_l                                0x00000000   Number         0  stubs.o ABSOLUTE
    _printf_lc                               0x00000000   Number         0  stubs.o ABSOLUTE
    _printf_ll                               0x00000000   Number         0  stubs.o ABSOLUTE
    _printf_lld                              0x00000000   Number         0  stubs.o ABSOLUTE
    _printf_lli                              0x00000000   Number         0  stubs.o ABSOLUTE
    _printf_llo                              0x00000000   Number         0  stubs.o ABSOLUTE
    _printf_llu                              0x00000000   Number         0  stubs.o ABSOLUTE
    _printf_llx                              0x00000000   Number         0  stubs.o ABSOLUTE
    _printf_longlong_dec                     0x00000000   Number         0  stubs.o ABSOLUTE
    _printf_longlong_hex                     0x00000000   Number         0  stubs.o ABSOLUTE
    _printf_longlong_oct                     0x00000000   Number         0  stubs.o ABSOLUTE
    _printf_ls                               0x00000000   Number         0  stubs.o ABSOLUTE
    _printf_mbtowc                           0x00000000   Number         0  stubs.o ABSOLUTE
    _printf_n                                0x00000000   Number         0  stubs.o ABSOLUTE
    _printf_o                                0x00000000   Number         0  stubs.o ABSOLUTE
    _printf_p                                0x00000000   Number         0  stubs.o ABSOLUTE
    _printf_percent                          0x00000000   Number         0  stubs.o ABSOLUTE
    _printf_pre_padding                      0x00000000   Number         0  stubs.o ABSOLUTE
    _printf_return_value                     0x00000000   Number         0  stubs.o ABSOLUTE
    _printf_s                                0x00000000   Number         0  stubs.o ABSOLUTE
    _printf_sizespec                         0x00000000   Number         0  stubs.o ABSOLUTE
    _printf_str                              0x00000000   Number         0  stubs.o ABSOLUTE
    _printf_truncate_signed                  0x00000000   Number         0  stubs.o ABSOLUTE
    _printf_truncate_unsigned                0x00000000   Number         0  stubs.o ABSOLUTE
    _printf_u                                0x00000000   Number         0  stubs.o ABSOLUTE
    _printf_wc                               0x00000000   Number         0  stubs.o ABSOLUTE
    _printf_wctomb                           0x00000000   Number         0  stubs.o ABSOLUTE
    _printf_widthprec                        0x00000000   Number         0  stubs.o ABSOLUTE
    _printf_x                                0x00000000   Number         0  stubs.o ABSOLUTE
    __cpp_initialize__aeabi_                  - Undefined Weak Reference
    __cxa_finalize                            - Undefined Weak Reference
    __decompress                              - Undefined Weak Reference
    _clock_init                               - Undefined Weak Reference
    _microlib_exit                            - Undefined Weak Reference
    __Vectors_Size                           0x000000ec   Number         0  startup_stm32f103xb.o ABSOLUTE
    __Vectors                                0x08000000   Data           4  startup_stm32f103xb.o(RESET)
    __Vectors_End                            0x080000ec   Data           0  startup_stm32f103xb.o(RESET)
    __main                                   0x080000ed   Thumb Code     0  entry.o(.ARM.Collect$$$$00000000)
    _main_stk                                0x080000ed   Thumb Code     0  entry2.o(.ARM.Collect$$$$00000001)
    _main_scatterload                        0x080000f1   Thumb Code     0  entry5.o(.ARM.Collect$$$$00000004)
    __main_after_scatterload                 0x080000f5   Thumb Code     0  entry5.o(.ARM.Collect$$$$00000004)
    _main_clock                              0x080000f5   Thumb Code     0  entry7b.o(.ARM.Collect$$$$00000008)
    _main_cpp_init                           0x080000f5   Thumb Code     0  entry8b.o(.ARM.Collect$$$$0000000A)
    _main_init                               0x080000f5   Thumb Code     0  entry9a.o(.ARM.Collect$$$$0000000B)
    __rt_final_cpp                           0x080000fd   Thumb Code     0  entry10a.o(.ARM.Collect$$$$0000000D)
    __rt_final_exit                          0x080000fd   Thumb Code     0  entry11a.o(.ARM.Collect$$$$0000000F)
    Reset_Handler                            0x08000101   Thumb Code     8  startup_stm32f103xb.o(.text)
    ADC1_2_IRQHandler                        0x0800011b   Thumb Code     0  startup_stm32f103xb.o(.text)
    CAN1_RX1_IRQHandler                      0x0800011b   Thumb Code     0  startup_stm32f103xb.o(.text)
    CAN1_SCE_IRQHandler                      0x0800011b   Thumb Code     0  startup_stm32f103xb.o(.text)
    DMA1_Channel1_IRQHandler                 0x0800011b   Thumb Code     0  startup_stm32f103xb.o(.text)
    DMA1_Channel2_IRQHandler                 0x0800011b   Thumb Code     0  startup_stm32f103xb.o(.text)
    DMA1_Channel3_IRQHandler                 0x0800011b   Thumb Code     0  startup_stm32f103xb.o(.text)
    DMA1_Channel4_IRQHandler                 0x0800011b   Thumb Code     0  startup_stm32f103xb.o(.text)
    DMA1_Channel5_IRQHandler                 0x0800011b   Thumb Code     0  startup_stm32f103xb.o(.text)
    DMA1_Channel6_IRQHandler                 0x0800011b   Thumb Code     0  startup_stm32f103xb.o(.text)
    DMA1_Channel7_IRQHandler                 0x0800011b   Thumb Code     0  startup_stm32f103xb.o(.text)
    EXTI0_IRQHandler                         0x0800011b   Thumb Code     0  startup_stm32f103xb.o(.text)
    EXTI15_10_IRQHandler                     0x0800011b   Thumb Code     0  startup_stm32f103xb.o(.text)
    EXTI1_IRQHandler                         0x0800011b   Thumb Code     0  startup_stm32f103xb.o(.text)
    EXTI2_IRQHandler                         0x0800011b   Thumb Code     0  startup_stm32f103xb.o(.text)
    EXTI3_IRQHandler                         0x0800011b   Thumb Code     0  startup_stm32f103xb.o(.text)
    EXTI4_IRQHandler                         0x0800011b   Thumb Code     0  startup_stm32f103xb.o(.text)
    EXTI9_5_IRQHandler                       0x0800011b   Thumb Code     0  startup_stm32f103xb.o(.text)
    FLASH_IRQHandler                         0x0800011b   Thumb Code     0  startup_stm32f103xb.o(.text)
    I2C1_ER_IRQHandler                       0x0800011b   Thumb Code     0  startup_stm32f103xb.o(.text)
    I2C1_EV_IRQHandler                       0x0800011b   Thumb Code     0  startup_stm32f103xb.o(.text)
    I2C2_ER_IRQHandler                       0x0800011b   Thumb Code     0  startup_stm32f103xb.o(.text)
    I2C2_EV_IRQHandler                       0x0800011b   Thumb Code     0  startup_stm32f103xb.o(.text)
    PVD_IRQHandler                           0x0800011b   Thumb Code     0  startup_stm32f103xb.o(.text)
    RCC_IRQHandler                           0x0800011b   Thumb Code     0  startup_stm32f103xb.o(.text)
    RTC_Alarm_IRQHandler                     0x0800011b   Thumb Code     0  startup_stm32f103xb.o(.text)
    RTC_IRQHandler                           0x0800011b   Thumb Code     0  startup_stm32f103xb.o(.text)
    SPI1_IRQHandler                          0x0800011b   Thumb Code     0  startup_stm32f103xb.o(.text)
    SPI2_IRQHandler                          0x0800011b   Thumb Code     0  startup_stm32f103xb.o(.text)
    TAMPER_IRQHandler                        0x0800011b   Thumb Code     0  startup_stm32f103xb.o(.text)
    TIM1_CC_IRQHandler                       0x0800011b   Thumb Code     0  startup_stm32f103xb.o(.text)
    TIM1_TRG_COM_IRQHandler                  0x0800011b   Thumb Code     0  startup_stm32f103xb.o(.text)
    TIM2_IRQHandler                          0x0800011b   Thumb Code     0  startup_stm32f103xb.o(.text)
    TIM3_IRQHandler                          0x0800011b   Thumb Code     0  startup_stm32f103xb.o(.text)
    TIM4_IRQHandler                          0x0800011b   Thumb Code     0  startup_stm32f103xb.o(.text)
    USART2_IRQHandler                        0x0800011b   Thumb Code     0  startup_stm32f103xb.o(.text)
    USART3_IRQHandler                        0x0800011b   Thumb Code     0  startup_stm32f103xb.o(.text)
    USBWakeUp_IRQHandler                     0x0800011b   Thumb Code     0  startup_stm32f103xb.o(.text)
    USB_HP_CAN1_TX_IRQHandler                0x0800011b   Thumb Code     0  startup_stm32f103xb.o(.text)
    USB_LP_CAN1_RX0_IRQHandler               0x0800011b   Thumb Code     0  startup_stm32f103xb.o(.text)
    WWDG_IRQHandler                          0x0800011b   Thumb Code     0  startup_stm32f103xb.o(.text)
    __aeabi_llsr                             0x08000125   Thumb Code    32  llushr.o(.text)
    _ll_ushift_r                             0x08000125   Thumb Code     0  llushr.o(.text)
    __aeabi_memcpy                           0x08000145   Thumb Code    36  memcpya.o(.text)
    __aeabi_memcpy4                          0x08000145   Thumb Code     0  memcpya.o(.text)
    __aeabi_memcpy8                          0x08000145   Thumb Code     0  memcpya.o(.text)
    __aeabi_memset                           0x08000169   Thumb Code    14  memseta.o(.text)
    __aeabi_memset4                          0x08000169   Thumb Code     0  memseta.o(.text)
    __aeabi_memset8                          0x08000169   Thumb Code     0  memseta.o(.text)
    __aeabi_memclr                           0x08000177   Thumb Code     4  memseta.o(.text)
    __aeabi_memclr4                          0x08000177   Thumb Code     0  memseta.o(.text)
    __aeabi_memclr8                          0x08000177   Thumb Code     0  memseta.o(.text)
    _memset$wrapper                          0x0800017b   Thumb Code    18  memseta.o(.text)
    strlen                                   0x0800018d   Thumb Code    14  strlen.o(.text)
    __aeabi_fadd                             0x0800019b   Thumb Code   164  fadd.o(.text)
    __aeabi_fsub                             0x0800023f   Thumb Code     6  fadd.o(.text)
    __aeabi_frsub                            0x08000245   Thumb Code     6  fadd.o(.text)
    __aeabi_dmul                             0x0800024b   Thumb Code   228  dmul.o(.text)
    __aeabi_ddiv                             0x0800032f   Thumb Code   222  ddiv.o(.text)
    __aeabi_ui2d                             0x0800040d   Thumb Code    26  dfltui.o(.text)
    __aeabi_d2iz                             0x08000427   Thumb Code    62  dfixi.o(.text)
    __aeabi_f2d                              0x08000465   Thumb Code    38  f2d.o(.text)
    __aeabi_d2f                              0x0800048b   Thumb Code    56  d2f.o(.text)
    __aeabi_cfcmpeq                          0x080004c5   Thumb Code     0  cfcmple.o(.text)
    __aeabi_cfcmple                          0x080004c5   Thumb Code    20  cfcmple.o(.text)
    __aeabi_uidiv                            0x080004d9   Thumb Code     0  uidiv.o(.text)
    __aeabi_uidivmod                         0x080004d9   Thumb Code    44  uidiv.o(.text)
    __aeabi_uldivmod                         0x08000505   Thumb Code    98  uldiv.o(.text)
    __I$use$fp                               0x08000567   Thumb Code     0  iusefp.o(.text)
    _float_round                             0x08000567   Thumb Code    18  fepilogue.o(.text)
    _float_epilogue                          0x08000579   Thumb Code    92  fepilogue.o(.text)
    _double_round                            0x080005d5   Thumb Code    30  depilogue.o(.text)
    _double_epilogue                         0x080005f3   Thumb Code   156  depilogue.o(.text)
    __aeabi_dadd                             0x0800068f   Thumb Code   322  dadd.o(.text)
    __aeabi_dsub                             0x080007d1   Thumb Code     6  dadd.o(.text)
    __aeabi_drsub                            0x080007d7   Thumb Code     6  dadd.o(.text)
    __aeabi_d2ulz                            0x080007dd   Thumb Code    48  dfixul.o(.text)
    __aeabi_cdrcmple                         0x0800080d   Thumb Code    48  cdrcmple.o(.text)
    __scatterload                            0x0800083d   Thumb Code    28  init.o(.text)
    __scatterload_rt2                        0x0800083d   Thumb Code     0  init.o(.text)
    __aeabi_llsl                             0x08000861   Thumb Code    30  llshl.o(.text)
    _ll_shift_l                              0x08000861   Thumb Code     0  llshl.o(.text)
    __aeabi_lasr                             0x0800087f   Thumb Code    36  llsshr.o(.text)
    _ll_sshift_r                             0x0800087f   Thumb Code     0  llsshr.o(.text)
    ADC_ConversionStop_Disable               0x080008a5   Thumb Code    86  stm32f1xx_hal_adc.o(i.ADC_ConversionStop_Disable)
    ADC_Enable                               0x080008fd   Thumb Code   114  stm32f1xx_hal_adc.o(i.ADC_Enable)
    BusFault_Handler                         0x08000979   Thumb Code     2  stm32f1xx_it.o(i.BusFault_Handler)
    Circle_Menu                              0x0800097d   Thumb Code    46  gui.o(i.Circle_Menu)
    Creat_BrotherMenu                        0x080009b1   Thumb Code    62  gui.o(i.Creat_BrotherMenu)
    Creat_ChildMenu                          0x080009f5   Thumb Code    56  gui.o(i.Creat_ChildMenu)
    Creat_Menu                               0x08000a31   Thumb Code    46  gui.o(i.Creat_Menu)
    DebugMon_Handler                         0x08000a5f   Thumb Code     2  stm32f1xx_it.o(i.DebugMon_Handler)
    Error_Handler                            0x08000a61   Thumb Code     6  main.o(i.Error_Handler)
    HAL_ADCEx_Calibration_Start              0x08000a69   Thumb Code   210  stm32f1xx_hal_adc_ex.o(i.HAL_ADCEx_Calibration_Start)
    HAL_ADC_ConfigChannel                    0x08000b41   Thumb Code   240  stm32f1xx_hal_adc.o(i.HAL_ADC_ConfigChannel)
    HAL_ADC_GetValue                         0x08000c3d   Thumb Code     6  stm32f1xx_hal_adc.o(i.HAL_ADC_GetValue)
    HAL_ADC_Init                             0x08000c45   Thumb Code   272  stm32f1xx_hal_adc.o(i.HAL_ADC_Init)
    HAL_ADC_MspInit                          0x08000d61   Thumb Code    76  adc.o(i.HAL_ADC_MspInit)
    HAL_ADC_PollForConversion                0x08000db9   Thumb Code   304  stm32f1xx_hal_adc.o(i.HAL_ADC_PollForConversion)
    HAL_ADC_Start                            0x08000ef5   Thumb Code   184  stm32f1xx_hal_adc.o(i.HAL_ADC_Start)
    HAL_ADC_Stop                             0x08000fb5   Thumb Code    52  stm32f1xx_hal_adc.o(i.HAL_ADC_Stop)
    HAL_DMA_Abort                            0x08000fe9   Thumb Code    70  stm32f1xx_hal_dma.o(i.HAL_DMA_Abort)
    HAL_DMA_Abort_IT                         0x08001031   Thumb Code   148  stm32f1xx_hal_dma.o(i.HAL_DMA_Abort_IT)
    HAL_Delay                                0x080010c9   Thumb Code    32  stm32f1xx_hal.o(i.HAL_Delay)
    HAL_GPIO_Init                            0x080010ed   Thumb Code   446  stm32f1xx_hal_gpio.o(i.HAL_GPIO_Init)
    HAL_GPIO_ReadPin                         0x080012cd   Thumb Code    10  stm32f1xx_hal_gpio.o(i.HAL_GPIO_ReadPin)
    HAL_GPIO_WritePin                        0x080012d7   Thumb Code    10  stm32f1xx_hal_gpio.o(i.HAL_GPIO_WritePin)
    HAL_GetTick                              0x080012e1   Thumb Code     6  stm32f1xx_hal.o(i.HAL_GetTick)
    HAL_IncTick                              0x080012ed   Thumb Code    12  stm32f1xx_hal.o(i.HAL_IncTick)
    HAL_Init                                 0x080012fd   Thumb Code    32  stm32f1xx_hal.o(i.HAL_Init)
    HAL_InitTick                             0x08001321   Thumb Code    54  stm32f1xx_hal.o(i.HAL_InitTick)
    HAL_MspInit                              0x08001361   Thumb Code    52  stm32f1xx_hal_msp.o(i.HAL_MspInit)
    HAL_NVIC_EnableIRQ                       0x0800139d   Thumb Code    26  stm32f1xx_hal_cortex.o(i.HAL_NVIC_EnableIRQ)
    HAL_NVIC_SetPriority                     0x080013b9   Thumb Code    60  stm32f1xx_hal_cortex.o(i.HAL_NVIC_SetPriority)
    HAL_NVIC_SetPriorityGrouping             0x080013f9   Thumb Code    26  stm32f1xx_hal_cortex.o(i.HAL_NVIC_SetPriorityGrouping)
    HAL_RCCEx_GetPeriphCLKFreq               0x0800141d   Thumb Code   148  stm32f1xx_hal_rcc_ex.o(i.HAL_RCCEx_GetPeriphCLKFreq)
    HAL_RCCEx_PeriphCLKConfig                0x080014c1   Thumb Code   224  stm32f1xx_hal_rcc_ex.o(i.HAL_RCCEx_PeriphCLKConfig)
    HAL_RCC_ClockConfig                      0x080015ad   Thumb Code   280  stm32f1xx_hal_rcc.o(i.HAL_RCC_ClockConfig)
    HAL_RCC_GetPCLK1Freq                     0x080016d9   Thumb Code    20  stm32f1xx_hal_rcc.o(i.HAL_RCC_GetPCLK1Freq)
    HAL_RCC_GetPCLK2Freq                     0x080016f9   Thumb Code    20  stm32f1xx_hal_rcc.o(i.HAL_RCC_GetPCLK2Freq)
    HAL_RCC_GetSysClockFreq                  0x08001719   Thumb Code    58  stm32f1xx_hal_rcc.o(i.HAL_RCC_GetSysClockFreq)
    HAL_RCC_OscConfig                        0x08001765   Thumb Code   778  stm32f1xx_hal_rcc.o(i.HAL_RCC_OscConfig)
    HAL_SPI_Init                             0x08001a85   Thumb Code   178  stm32f1xx_hal_spi.o(i.HAL_SPI_Init)
    HAL_SPI_MspInit                          0x08001b39   Thumb Code    94  spi.o(i.HAL_SPI_MspInit)
    HAL_SPI_Transmit                         0x08001ba9   Thumb Code   366  stm32f1xx_hal_spi.o(i.HAL_SPI_Transmit)
    HAL_SYSTICK_Config                       0x08001d17   Thumb Code    40  stm32f1xx_hal_cortex.o(i.HAL_SYSTICK_Config)
    HAL_TIMEx_BreakCallback                  0x08001d3f   Thumb Code     2  stm32f1xx_hal_tim_ex.o(i.HAL_TIMEx_BreakCallback)
    HAL_TIMEx_CommutCallback                 0x08001d41   Thumb Code     2  stm32f1xx_hal_tim_ex.o(i.HAL_TIMEx_CommutCallback)
    HAL_TIMEx_MasterConfigSynchronization    0x08001d45   Thumb Code    92  stm32f1xx_hal_tim_ex.o(i.HAL_TIMEx_MasterConfigSynchronization)
    HAL_TIM_Base_Init                        0x08001dad   Thumb Code    90  stm32f1xx_hal_tim.o(i.HAL_TIM_Base_Init)
    HAL_TIM_Base_MspInit                     0x08001e09   Thumb Code    66  tim.o(i.HAL_TIM_Base_MspInit)
    HAL_TIM_Base_Start_IT                    0x08001e55   Thumb Code    76  stm32f1xx_hal_tim.o(i.HAL_TIM_Base_Start_IT)
    HAL_TIM_ConfigClockSource                0x08001ead   Thumb Code   220  stm32f1xx_hal_tim.o(i.HAL_TIM_ConfigClockSource)
    HAL_TIM_IC_CaptureCallback               0x08001f89   Thumb Code     2  stm32f1xx_hal_tim.o(i.HAL_TIM_IC_CaptureCallback)
    HAL_TIM_IRQHandler                       0x08001f8b   Thumb Code   358  stm32f1xx_hal_tim.o(i.HAL_TIM_IRQHandler)
    HAL_TIM_OC_DelayElapsedCallback          0x080020f1   Thumb Code     2  stm32f1xx_hal_tim.o(i.HAL_TIM_OC_DelayElapsedCallback)
    HAL_TIM_PWM_PulseFinishedCallback        0x080020f3   Thumb Code     2  stm32f1xx_hal_tim.o(i.HAL_TIM_PWM_PulseFinishedCallback)
    HAL_TIM_PeriodElapsedCallback            0x080020f5   Thumb Code   652  key.o(i.HAL_TIM_PeriodElapsedCallback)
    HAL_TIM_TriggerCallback                  0x0800239d   Thumb Code     2  stm32f1xx_hal_tim.o(i.HAL_TIM_TriggerCallback)
    HAL_UARTEx_RxEventCallback               0x0800239f   Thumb Code     2  stm32f1xx_hal_uart.o(i.HAL_UARTEx_RxEventCallback)
    HAL_UART_ErrorCallback                   0x080023a1   Thumb Code     2  stm32f1xx_hal_uart.o(i.HAL_UART_ErrorCallback)
    HAL_UART_IRQHandler                      0x080023a5   Thumb Code   616  stm32f1xx_hal_uart.o(i.HAL_UART_IRQHandler)
    HAL_UART_Init                            0x08002611   Thumb Code   100  stm32f1xx_hal_uart.o(i.HAL_UART_Init)
    HAL_UART_MspInit                         0x08002675   Thumb Code   244  usart.o(i.HAL_UART_MspInit)
    HAL_UART_Receive_IT                      0x08002781   Thumb Code    28  stm32f1xx_hal_uart.o(i.HAL_UART_Receive_IT)
    HAL_UART_RxCpltCallback                  0x0800279d   Thumb Code   414  communication.o(i.HAL_UART_RxCpltCallback)
    HAL_UART_Transmit                        0x08002969   Thumb Code   154  stm32f1xx_hal_uart.o(i.HAL_UART_Transmit)
    HAL_UART_TxCpltCallback                  0x08002a03   Thumb Code     2  stm32f1xx_hal_uart.o(i.HAL_UART_TxCpltCallback)
    HardFault_Handler                        0x08002a05   Thumb Code     2  stm32f1xx_it.o(i.HardFault_Handler)
    KT6368A_Init                             0x08002a09   Thumb Code    14  communication.o(i.KT6368A_Init)
    MX_ADC1_Init                             0x08002a21   Thumb Code   154  adc.o(i.MX_ADC1_Init)
    MX_GPIO_Init                             0x08002ac5   Thumb Code   190  gpio.o(i.MX_GPIO_Init)
    MX_SPI1_Init                             0x08002b95   Thumb Code    66  spi.o(i.MX_SPI1_Init)
    MX_TIM1_Init                             0x08002be1   Thumb Code    98  tim.o(i.MX_TIM1_Init)
    MX_USART1_UART_Init                      0x08002c4d   Thumb Code    48  usart.o(i.MX_USART1_UART_Init)
    MX_USART2_UART_Init                      0x08002c85   Thumb Code    48  usart.o(i.MX_USART2_UART_Init)
    MX_USART3_UART_Init                      0x08002cbd   Thumb Code    48  usart.o(i.MX_USART3_UART_Init)
    MemManage_Handler                        0x08002cf5   Thumb Code     2  stm32f1xx_it.o(i.MemManage_Handler)
    Menu_Init                                0x08002cf9   Thumb Code   234  gui.o(i.Menu_Init)
    NMI_Handler                              0x08002df5   Thumb Code     2  stm32f1xx_it.o(i.NMI_Handler)
    NoFun                                    0x08002df7   Thumb Code     2  gui.o(i.NoFun)
    OLED_Clear                               0x08002df9   Thumb Code    60  oled.o(i.OLED_Clear)
    OLED_Init                                0x08002e35   Thumb Code   324  oled.o(i.OLED_Init)
    OLED_Set_Pos                             0x08002f7d   Thumb Code    40  oled.o(i.OLED_Set_Pos)
    OLED_WR_Byte                             0x08002fa5   Thumb Code    62  oled.o(i.OLED_WR_Byte)
    PendSV_Handler                           0x08002fe9   Thumb Code     2  stm32f1xx_it.o(i.PendSV_Handler)
    SPI1_Communication                       0x08002fed   Thumb Code    20  oled.o(i.SPI1_Communication)
    SVC_Handler                              0x080030dd   Thumb Code     2  stm32f1xx_it.o(i.SVC_Handler)
    SendFloatMsg                             0x080030e1   Thumb Code   138  communication.o(i.SendFloatMsg)
    SysTick_Handler                          0x08003171   Thumb Code     4  stm32f1xx_it.o(i.SysTick_Handler)
    SystemClock_Config                       0x08003175   Thumb Code   132  main.o(i.SystemClock_Config)
    SystemInit                               0x080031f9   Thumb Code    10  system_stm32f1xx.o(i.SystemInit)
    TIM1_BRK_IRQHandler                      0x08003209   Thumb Code     6  stm32f1xx_it.o(i.TIM1_BRK_IRQHandler)
    TIM1_UP_IRQHandler                       0x08003215   Thumb Code     6  stm32f1xx_it.o(i.TIM1_UP_IRQHandler)
    TIM_Base_SetConfig                       0x08003221   Thumb Code    94  stm32f1xx_hal_tim.o(i.TIM_Base_SetConfig)
    TIM_ETR_SetConfig                        0x0800328d   Thumb Code    20  stm32f1xx_hal_tim.o(i.TIM_ETR_SetConfig)
    UART_Start_Receive_IT                    0x080034d1   Thumb Code    54  stm32f1xx_hal_uart.o(i.UART_Start_Receive_IT)
    USART1_IRQHandler                        0x08003581   Thumb Code     6  stm32f1xx_it.o(i.USART1_IRQHandler)
    UsageFault_Handler                       0x0800358d   Thumb Code     2  stm32f1xx_it.o(i.UsageFault_Handler)
    __0sprintf                               0x08003591   Thumb Code    34  printfa.o(i.__0sprintf)
    __1sprintf                               0x08003591   Thumb Code     0  printfa.o(i.__0sprintf)
    __2sprintf                               0x08003591   Thumb Code     0  printfa.o(i.__0sprintf)
    __c89sprintf                             0x08003591   Thumb Code     0  printfa.o(i.__0sprintf)
    sprintf                                  0x08003591   Thumb Code     0  printfa.o(i.__0sprintf)
    __0vsprintf                              0x080035b9   Thumb Code    30  printfa.o(i.__0vsprintf)
    __1vsprintf                              0x080035b9   Thumb Code     0  printfa.o(i.__0vsprintf)
    __2vsprintf                              0x080035b9   Thumb Code     0  printfa.o(i.__0vsprintf)
    __c89vsprintf                            0x080035b9   Thumb Code     0  printfa.o(i.__0vsprintf)
    vsprintf                                 0x080035b9   Thumb Code     0  printfa.o(i.__0vsprintf)
    __scatterload_copy                       0x080035fd   Thumb Code    14  handlers.o(i.__scatterload_copy)
    __scatterload_null                       0x0800360b   Thumb Code     2  handlers.o(i.__scatterload_null)
    __scatterload_zeroinit                   0x0800360d   Thumb Code    14  handlers.o(i.__scatterload_zeroinit)
    atprintf                                 0x08003ed9   Thumb Code    42  at_cmd.o(i.atprintf)
    dispaly                                  0x08003f09   Thumb Code   636  gui.o(i.dispaly)
    get_mf_mode                              0x080041c1   Thumb Code    54  communication.o(i.get_mf_mode)
    get_rc_connected                         0x08004205   Thumb Code     6  communication.o(i.get_rc_connected)
    get_voltage                              0x08004211   Thumb Code     6  communication.o(i.get_voltage)
    key_init                                 0x0800421d   Thumb Code    10  key.o(i.key_init)
    main                                     0x0800422d   Thumb Code   316  main.o(i.main)
    malloc                                   0x080043ad   Thumb Code    92  malloc.o(i.malloc)
    ringBuffer_get_unused_size               0x08004425   Thumb Code    12  ringbuffer.o(i.ringBuffer_get_unused_size)
    ringBuffer_get_used_size                 0x08004431   Thumb Code    24  ringbuffer.o(i.ringBuffer_get_used_size)
    ringBuffer_int                           0x08004449   Thumb Code    18  ringbuffer.o(i.ringBuffer_int)
    ringBuffer_pop_data                      0x0800445b   Thumb Code    84  ringbuffer.o(i.ringBuffer_pop_data)
    ringBuffer_push_data                     0x080044af   Thumb Code    82  ringbuffer.o(i.ringBuffer_push_data)
    set_rc_connected                         0x08004501   Thumb Code    24  communication.o(i.set_rc_connected)
    u8g2Init                                 0x0800451d   Thumb Code    38  u8g2_init.o(i.u8g2Init)
    u8g2_ClearBuffer                         0x08004551   Thumb Code    18  u8g2_buffer.o(i.u8g2_ClearBuffer)
    u8g2_DrawCircle                          0x08004563   Thumb Code    64  u8g2_circle.o(i.u8g2_DrawCircle)
    u8g2_DrawGlyph                           0x080045a3   Thumb Code   112  u8g2_font.o(i.u8g2_DrawGlyph)
    u8g2_DrawHLine                           0x08004613   Thumb Code    12  u8g2_hvline.o(i.u8g2_DrawHLine)
    u8g2_DrawHVLine                          0x08004621   Thumb Code   172  u8g2_hvline.o(i.u8g2_DrawHVLine)
    u8g2_DrawHXBMP                           0x080046cd   Thumb Code   148  u8g2_bitmap.o(i.u8g2_DrawHXBMP)
    u8g2_DrawPixel                           0x08004761   Thumb Code    46  u8g2_hvline.o(i.u8g2_DrawPixel)
    u8g2_DrawStr                             0x08004791   Thumb Code    12  u8g2_font.o(i.u8g2_DrawStr)
    u8g2_DrawVLine                           0x080047a1   Thumb Code    12  u8g2_hvline.o(i.u8g2_DrawVLine)
    u8g2_DrawXBMP                            0x080047ad   Thumb Code    76  u8g2_bitmap.o(i.u8g2_DrawXBMP)
    u8g2_IsIntersection                      0x080047f9   Thumb Code    48  u8g2_intersection.o(i.u8g2_IsIntersection)
    u8g2_SendBuffer                          0x08004829   Thumb Code    18  u8g2_buffer.o(i.u8g2_SendBuffer)
    u8g2_SetFont                             0x0800483b   Thumb Code    32  u8g2_font.o(i.u8g2_SetFont)
    u8g2_SetFontPosBaseline                  0x0800485d   Thumb Code     6  u8g2_font.o(i.u8g2_SetFontPosBaseline)
    u8g2_SetMaxClipWindow                    0x08004869   Thumb Code    26  u8g2_setup.o(i.u8g2_SetMaxClipWindow)
    u8g2_SetupBuffer                         0x08004883   Thumb Code    66  u8g2_setup.o(i.u8g2_SetupBuffer)
    u8g2_Setup_sh1106_128x64_noname_f        0x080048c5   Thumb Code    42  u8g2_d_setup.o(i.u8g2_Setup_sh1106_128x64_noname_f)
    u8g2_UpdateRefHeight                     0x080048fd   Thumb Code    82  u8g2_font.o(i.u8g2_UpdateRefHeight)
    u8g2_draw_hv_line_2dir                   0x08004b55   Thumb Code    20  u8g2_hvline.o(i.u8g2_draw_hv_line_2dir)
    u8g2_draw_l90_r0                         0x08004b69   Thumb Code    12  u8g2_setup.o(i.u8g2_draw_l90_r0)
    u8g2_font_calc_vref_font                 0x08004beb   Thumb Code     4  u8g2_font.o(i.u8g2_font_calc_vref_font)
    u8g2_font_decode_get_signed_bits         0x08004bef   Thumb Code    20  u8g2_font.o(i.u8g2_font_decode_get_signed_bits)
    u8g2_font_decode_get_unsigned_bits       0x08004c03   Thumb Code    52  u8g2_font.o(i.u8g2_font_decode_get_unsigned_bits)
    u8g2_font_decode_glyph                   0x08004c39   Thumb Code   268  u8g2_font.o(i.u8g2_font_decode_glyph)
    u8g2_font_decode_len                     0x08004d45   Thumb Code   140  u8g2_font.o(i.u8g2_font_decode_len)
    u8g2_font_get_glyph_data                 0x08004dd1   Thumb Code   114  u8g2_font.o(i.u8g2_font_get_glyph_data)
    u8g2_is_intersection_decision_tree       0x08004e8b   Thumb Code    24  u8g2_intersection.o(i.u8g2_is_intersection_decision_tree)
    u8g2_ll_hvline_vertical_top_lsb          0x08004ea5   Thumb Code   144  u8g2_ll_hvline.o(i.u8g2_ll_hvline_vertical_top_lsb)
    u8g2_m_16_8_f                            0x08004f35   Thumb Code     8  u8g2_d_memory.o(i.u8g2_m_16_8_f)
    u8g2_read_font_info                      0x08004f41   Thumb Code   106  u8g2_font.o(i.u8g2_read_font_info)
    u8g2_update_dimension_r0                 0x08005051   Thumb Code     4  u8g2_setup.o(i.u8g2_update_dimension_r0)
    u8g2_update_page_win_r0                  0x08005055   Thumb Code    34  u8g2_setup.o(i.u8g2_update_page_win_r0)
    u8x8_DrawTile                            0x08005077   Thumb Code    30  u8x8_display.o(i.u8x8_DrawTile)
    u8x8_InitDisplay                         0x08005095   Thumb Code    16  u8x8_display.o(i.u8x8_InitDisplay)
    u8x8_RefreshDisplay                      0x080050a5   Thumb Code    16  u8x8_display.o(i.u8x8_RefreshDisplay)
    u8x8_SetPowerSave                        0x080050b5   Thumb Code    16  u8x8_display.o(i.u8x8_SetPowerSave)
    u8x8_Setup                               0x080050c5   Thumb Code    34  u8x8_setup.o(i.u8x8_Setup)
    u8x8_SetupDefaults                       0x080050e9   Thumb Code    34  u8x8_setup.o(i.u8x8_SetupDefaults)
    u8x8_SetupMemory                         0x08005111   Thumb Code    16  u8x8_display.o(i.u8x8_SetupMemory)
    u8x8_ascii_next                          0x08005121   Thumb Code    14  u8x8_8x8.o(i.u8x8_ascii_next)
    u8x8_byte_4wire_hw_spi                   0x08005131   Thumb Code    68  u8g2_init.o(i.u8x8_byte_4wire_hw_spi)
    u8x8_byte_SendByte                       0x0800517d   Thumb Code    14  u8x8_byte.o(i.u8x8_byte_SendByte)
    u8x8_byte_SetDC                          0x0800518b   Thumb Code    16  u8x8_byte.o(i.u8x8_byte_SetDC)
    u8x8_cad_001                             0x0800519b   Thumb Code    82  u8x8_cad.o(i.u8x8_cad_001)
    u8x8_cad_EndTransfer                     0x080051ed   Thumb Code    16  u8x8_cad.o(i.u8x8_cad_EndTransfer)
    u8x8_cad_SendArg                         0x080051fd   Thumb Code    16  u8x8_cad.o(i.u8x8_cad_SendArg)
    u8x8_cad_SendCmd                         0x0800520d   Thumb Code    16  u8x8_cad.o(i.u8x8_cad_SendCmd)
    u8x8_cad_SendData                        0x0800521d   Thumb Code    16  u8x8_cad.o(i.u8x8_cad_SendData)
    u8x8_cad_SendSequence                    0x0800522d   Thumb Code   104  u8x8_cad.o(i.u8x8_cad_SendSequence)
    u8x8_cad_StartTransfer                   0x08005295   Thumb Code    16  u8x8_cad.o(i.u8x8_cad_StartTransfer)
    u8x8_d_helper_display_init               0x080052a5   Thumb Code    96  u8x8_display.o(i.u8x8_d_helper_display_init)
    u8x8_d_helper_display_setup_memory       0x08005305   Thumb Code    10  u8x8_display.o(i.u8x8_d_helper_display_setup_memory)
    u8x8_d_sh1106_128x64_noname              0x08005311   Thumb Code    54  u8x8_d_ssd1306_128x64_noname.o(i.u8x8_d_sh1106_128x64_noname)
    u8x8_dummy_cb                            0x08005415   Thumb Code     4  u8x8_setup.o(i.u8x8_dummy_cb)
    u8x8_gpio_and_delay                      0x08005419   Thumb Code    46  u8g2_init.o(i.u8x8_gpio_and_delay)
    u8x8_gpio_call                           0x08005447   Thumb Code    12  u8x8_gpio.o(i.u8x8_gpio_call)
    u8x8_utf8_init                           0x08005453   Thumb Code     8  u8x8_8x8.o(i.u8x8_utf8_init)
    AHBPrescTable                            0x0800547e   Data          16  system_stm32f1xx.o(.constdata)
    APBPrescTable                            0x0800548e   Data           8  system_stm32f1xx.o(.constdata)
    gImage_signal                            0x08005496   Data          32  gui.o(.constdata)
    gImage_unsignal                          0x080054b6   Data          32  gui.o(.constdata)
    gImage_poshold                           0x080054d6   Data          36  gui.o(.constdata)
    gImage_althold                           0x080054fa   Data          36  gui.o(.constdata)
    u8g2_font_5x7_tf                         0x0800551e   Data        1677  u8g2_fonts.o(.constdata)
    u8g2_cb_r0                               0x08005bac   Data          12  u8g2_setup.o(.constdata)
    Region$$Table$$Base                      0x08005ccc   Number         0  anon$$obj.o(Region$$Table)
    Region$$Table$$Limit                     0x08005cec   Number         0  anon$$obj.o(Region$$Table)
    uwTickFreq                               0x20000000   Data           1  stm32f1xx_hal.o(.data)
    uwTickPrio                               0x20000004   Data           4  stm32f1xx_hal.o(.data)
    uwTick                                   0x20000008   Data           4  stm32f1xx_hal.o(.data)
    SystemCoreClock                          0x2000000c   Data           4  system_stm32f1xx.o(.data)
    nowMenu                                  0x20000018   Data           4  gui.o(.data)
    LRMenu                                   0x2000001c   Data           4  gui.o(.data)
    show                                     0x20000020   Data         220  gui.o(.data)
    r_data                                   0x200000fd   Data           1  communication.o(.data)
    __microlib_freelist                      0x20000104   Data           4  mvars.o(.data)
    __microlib_freelist_initialised          0x20000108   Data           4  mvars.o(.data)
    hadc1                                    0x2000010c   Data          48  adc.o(.bss)
    hspi1                                    0x2000013c   Data          88  spi.o(.bss)
    htim1                                    0x20000194   Data          72  tim.o(.bss)
    huart1                                   0x200001dc   Data          72  usart.o(.bss)
    huart2                                   0x20000224   Data          72  usart.o(.bss)
    huart3                                   0x2000026c   Data          72  usart.o(.bss)
    key                                      0x200002b4   Data         120  key.o(.bss)
    ringbuffer                               0x2000032c   Data        1040  key.o(.bss)
    u8g2                                     0x2000073c   Data         136  gui.o(.bss)
    user_data                                0x200007c4   Data          16  communication.o(.bss)
    __heap_base                              0x20000be8   Data           0  startup_stm32f103xb.o(HEAP)
    __heap_limit                             0x20000de8   Data           0  startup_stm32f103xb.o(HEAP)
    __initial_sp                             0x200011e8   Data           0  startup_stm32f103xb.o(STACK)



==============================================================================

Memory Map of the image

  Image Entry point : 0x080000ed

  Load Region LR_IROM1 (Base: 0x08000000, Size: 0x00005df8, Max: 0x00010000, ABSOLUTE)

    Execution Region ER_IROM1 (Exec base: 0x08000000, Load base: 0x08000000, Size: 0x00005cec, Max: 0x00010000, ABSOLUTE)

    Exec Addr    Load Addr    Size         Type   Attr      Idx    E Section Name        Object

    0x08000000   0x08000000   0x000000ec   Data   RO            3    RESET               startup_stm32f103xb.o
    0x080000ec   0x080000ec   0x00000000   Code   RO         7423  * .ARM.Collect$$$$00000000  mc_w.l(entry.o)
    0x080000ec   0x080000ec   0x00000004   Code   RO         7741    .ARM.Collect$$$$00000001  mc_w.l(entry2.o)
    0x080000f0   0x080000f0   0x00000004   Code   RO         7744    .ARM.Collect$$$$00000004  mc_w.l(entry5.o)
    0x080000f4   0x080000f4   0x00000000   Code   RO         7746    .ARM.Collect$$$$00000008  mc_w.l(entry7b.o)
    0x080000f4   0x080000f4   0x00000000   Code   RO         7748    .ARM.Collect$$$$0000000A  mc_w.l(entry8b.o)
    0x080000f4   0x080000f4   0x00000008   Code   RO         7749    .ARM.Collect$$$$0000000B  mc_w.l(entry9a.o)
    0x080000fc   0x080000fc   0x00000000   Code   RO         7751    .ARM.Collect$$$$0000000D  mc_w.l(entry10a.o)
    0x080000fc   0x080000fc   0x00000000   Code   RO         7753    .ARM.Collect$$$$0000000F  mc_w.l(entry11a.o)
    0x080000fc   0x080000fc   0x00000004   Code   RO         7742    .ARM.Collect$$$$00002712  mc_w.l(entry2.o)
    0x08000100   0x08000100   0x00000024   Code   RO            4    .text               startup_stm32f103xb.o
    0x08000124   0x08000124   0x00000020   Code   RO         7426    .text               mc_w.l(llushr.o)
    0x08000144   0x08000144   0x00000024   Code   RO         7428    .text               mc_w.l(memcpya.o)
    0x08000168   0x08000168   0x00000024   Code   RO         7430    .text               mc_w.l(memseta.o)
    0x0800018c   0x0800018c   0x0000000e   Code   RO         7432    .text               mc_w.l(strlen.o)
    0x0800019a   0x0800019a   0x000000b0   Code   RO         7725    .text               mf_w.l(fadd.o)
    0x0800024a   0x0800024a   0x000000e4   Code   RO         7727    .text               mf_w.l(dmul.o)
    0x0800032e   0x0800032e   0x000000de   Code   RO         7729    .text               mf_w.l(ddiv.o)
    0x0800040c   0x0800040c   0x0000001a   Code   RO         7731    .text               mf_w.l(dfltui.o)
    0x08000426   0x08000426   0x0000003e   Code   RO         7733    .text               mf_w.l(dfixi.o)
    0x08000464   0x08000464   0x00000026   Code   RO         7735    .text               mf_w.l(f2d.o)
    0x0800048a   0x0800048a   0x00000038   Code   RO         7737    .text               mf_w.l(d2f.o)
    0x080004c2   0x080004c2   0x00000002   PAD
    0x080004c4   0x080004c4   0x00000014   Code   RO         7739    .text               mf_w.l(cfcmple.o)
    0x080004d8   0x080004d8   0x0000002c   Code   RO         7755    .text               mc_w.l(uidiv.o)
    0x08000504   0x08000504   0x00000062   Code   RO         7757    .text               mc_w.l(uldiv.o)
    0x08000566   0x08000566   0x00000000   Code   RO         7761    .text               mc_w.l(iusefp.o)
    0x08000566   0x08000566   0x0000006e   Code   RO         7762    .text               mf_w.l(fepilogue.o)
    0x080005d4   0x080005d4   0x000000ba   Code   RO         7764    .text               mf_w.l(depilogue.o)
    0x0800068e   0x0800068e   0x0000014e   Code   RO         7766    .text               mf_w.l(dadd.o)
    0x080007dc   0x080007dc   0x00000030   Code   RO         7768    .text               mf_w.l(dfixul.o)
    0x0800080c   0x0800080c   0x00000030   Code   RO         7770    .text               mf_w.l(cdrcmple.o)
    0x0800083c   0x0800083c   0x00000024   Code   RO         7772    .text               mc_w.l(init.o)
    0x08000860   0x08000860   0x0000001e   Code   RO         7774    .text               mc_w.l(llshl.o)
    0x0800087e   0x0800087e   0x00000024   Code   RO         7776    .text               mc_w.l(llsshr.o)
    0x080008a2   0x080008a2   0x00000002   PAD
    0x080008a4   0x080008a4   0x00000056   Code   RO          584    i.ADC_ConversionStop_Disable  stm32f1xx_hal_adc.o
    0x080008fa   0x080008fa   0x00000002   PAD
    0x080008fc   0x080008fc   0x0000007c   Code   RO          588    i.ADC_Enable        stm32f1xx_hal_adc.o
    0x08000978   0x08000978   0x00000002   Code   RO          430    i.BusFault_Handler  stm32f1xx_it.o
    0x0800097a   0x0800097a   0x00000002   PAD
    0x0800097c   0x0800097c   0x00000034   Code   RO         3764    i.Circle_Menu       gui.o
    0x080009b0   0x080009b0   0x00000044   Code   RO         3765    i.Creat_BrotherMenu  gui.o
    0x080009f4   0x080009f4   0x0000003c   Code   RO         3766    i.Creat_ChildMenu   gui.o
    0x08000a30   0x08000a30   0x0000002e   Code   RO         3767    i.Creat_Menu        gui.o
    0x08000a5e   0x08000a5e   0x00000002   Code   RO          431    i.DebugMon_Handler  stm32f1xx_it.o
    0x08000a60   0x08000a60   0x00000006   Code   RO           13    i.Error_Handler     main.o
    0x08000a66   0x08000a66   0x00000002   PAD
    0x08000a68   0x08000a68   0x000000d8   Code   RO          764    i.HAL_ADCEx_Calibration_Start  stm32f1xx_hal_adc_ex.o
    0x08000b40   0x08000b40   0x000000fc   Code   RO          590    i.HAL_ADC_ConfigChannel  stm32f1xx_hal_adc.o
    0x08000c3c   0x08000c3c   0x00000006   Code   RO          597    i.HAL_ADC_GetValue  stm32f1xx_hal_adc.o
    0x08000c42   0x08000c42   0x00000002   PAD
    0x08000c44   0x08000c44   0x0000011c   Code   RO          599    i.HAL_ADC_Init      stm32f1xx_hal_adc.o
    0x08000d60   0x08000d60   0x00000058   Code   RO          234    i.HAL_ADC_MspInit   adc.o
    0x08000db8   0x08000db8   0x0000013c   Code   RO          603    i.HAL_ADC_PollForConversion  stm32f1xx_hal_adc.o
    0x08000ef4   0x08000ef4   0x000000c0   Code   RO          605    i.HAL_ADC_Start     stm32f1xx_hal_adc.o
    0x08000fb4   0x08000fb4   0x00000034   Code   RO          608    i.HAL_ADC_Stop      stm32f1xx_hal_adc.o
    0x08000fe8   0x08000fe8   0x00000046   Code   RO         1241    i.HAL_DMA_Abort     stm32f1xx_hal_dma.o
    0x0800102e   0x0800102e   0x00000002   PAD
    0x08001030   0x08001030   0x00000098   Code   RO         1242    i.HAL_DMA_Abort_IT  stm32f1xx_hal_dma.o
    0x080010c8   0x080010c8   0x00000024   Code   RO          867    i.HAL_Delay         stm32f1xx_hal.o
    0x080010ec   0x080010ec   0x000001e0   Code   RO         1177    i.HAL_GPIO_Init     stm32f1xx_hal_gpio.o
    0x080012cc   0x080012cc   0x0000000a   Code   RO         1179    i.HAL_GPIO_ReadPin  stm32f1xx_hal_gpio.o
    0x080012d6   0x080012d6   0x0000000a   Code   RO         1181    i.HAL_GPIO_WritePin  stm32f1xx_hal_gpio.o
    0x080012e0   0x080012e0   0x0000000c   Code   RO          871    i.HAL_GetTick       stm32f1xx_hal.o
    0x080012ec   0x080012ec   0x00000010   Code   RO          877    i.HAL_IncTick       stm32f1xx_hal.o
    0x080012fc   0x080012fc   0x00000024   Code   RO          878    i.HAL_Init          stm32f1xx_hal.o
    0x08001320   0x08001320   0x00000040   Code   RO          879    i.HAL_InitTick      stm32f1xx_hal.o
    0x08001360   0x08001360   0x0000003c   Code   RO          524    i.HAL_MspInit       stm32f1xx_hal_msp.o
    0x0800139c   0x0800139c   0x0000001a   Code   RO         1337    i.HAL_NVIC_EnableIRQ  stm32f1xx_hal_cortex.o
    0x080013b6   0x080013b6   0x00000002   PAD
    0x080013b8   0x080013b8   0x00000040   Code   RO         1343    i.HAL_NVIC_SetPriority  stm32f1xx_hal_cortex.o
    0x080013f8   0x080013f8   0x00000024   Code   RO         1344    i.HAL_NVIC_SetPriorityGrouping  stm32f1xx_hal_cortex.o
    0x0800141c   0x0800141c   0x000000a4   Code   RO         1138    i.HAL_RCCEx_GetPeriphCLKFreq  stm32f1xx_hal_rcc_ex.o
    0x080014c0   0x080014c0   0x000000ec   Code   RO         1139    i.HAL_RCCEx_PeriphCLKConfig  stm32f1xx_hal_rcc_ex.o
    0x080015ac   0x080015ac   0x0000012c   Code   RO         1035    i.HAL_RCC_ClockConfig  stm32f1xx_hal_rcc.o
    0x080016d8   0x080016d8   0x00000020   Code   RO         1042    i.HAL_RCC_GetPCLK1Freq  stm32f1xx_hal_rcc.o
    0x080016f8   0x080016f8   0x00000020   Code   RO         1043    i.HAL_RCC_GetPCLK2Freq  stm32f1xx_hal_rcc.o
    0x08001718   0x08001718   0x0000004c   Code   RO         1044    i.HAL_RCC_GetSysClockFreq  stm32f1xx_hal_rcc.o
    0x08001764   0x08001764   0x00000320   Code   RO         1047    i.HAL_RCC_OscConfig  stm32f1xx_hal_rcc.o
    0x08001a84   0x08001a84   0x000000b2   Code   RO         1848    i.HAL_SPI_Init      stm32f1xx_hal_spi.o
    0x08001b36   0x08001b36   0x00000002   PAD
    0x08001b38   0x08001b38   0x00000070   Code   RO          276    i.HAL_SPI_MspInit   spi.o
    0x08001ba8   0x08001ba8   0x0000016e   Code   RO         1856    i.HAL_SPI_Transmit  stm32f1xx_hal_spi.o
    0x08001d16   0x08001d16   0x00000028   Code   RO         1348    i.HAL_SYSTICK_Config  stm32f1xx_hal_cortex.o
    0x08001d3e   0x08001d3e   0x00000002   Code   RO         2865    i.HAL_TIMEx_BreakCallback  stm32f1xx_hal_tim_ex.o
    0x08001d40   0x08001d40   0x00000002   Code   RO         2866    i.HAL_TIMEx_CommutCallback  stm32f1xx_hal_tim_ex.o
    0x08001d42   0x08001d42   0x00000002   PAD
    0x08001d44   0x08001d44   0x00000068   Code   RO         2884    i.HAL_TIMEx_MasterConfigSynchronization  stm32f1xx_hal_tim_ex.o
    0x08001dac   0x08001dac   0x0000005a   Code   RO         2161    i.HAL_TIM_Base_Init  stm32f1xx_hal_tim.o
    0x08001e06   0x08001e06   0x00000002   PAD
    0x08001e08   0x08001e08   0x0000004c   Code   RO          318    i.HAL_TIM_Base_MspInit  tim.o
    0x08001e54   0x08001e54   0x00000058   Code   RO         2166    i.HAL_TIM_Base_Start_IT  stm32f1xx_hal_tim.o
    0x08001eac   0x08001eac   0x000000dc   Code   RO         2170    i.HAL_TIM_ConfigClockSource  stm32f1xx_hal_tim.o
    0x08001f88   0x08001f88   0x00000002   Code   RO         2195    i.HAL_TIM_IC_CaptureCallback  stm32f1xx_hal_tim.o
    0x08001f8a   0x08001f8a   0x00000166   Code   RO         2209    i.HAL_TIM_IRQHandler  stm32f1xx_hal_tim.o
    0x080020f0   0x080020f0   0x00000002   Code   RO         2212    i.HAL_TIM_OC_DelayElapsedCallback  stm32f1xx_hal_tim.o
    0x080020f2   0x080020f2   0x00000002   Code   RO         2239    i.HAL_TIM_PWM_PulseFinishedCallback  stm32f1xx_hal_tim.o
    0x080020f4   0x080020f4   0x000002a8   Code   RO         3644    i.HAL_TIM_PeriodElapsedCallback  key.o
    0x0800239c   0x0800239c   0x00000002   Code   RO         2252    i.HAL_TIM_TriggerCallback  stm32f1xx_hal_tim.o
    0x0800239e   0x0800239e   0x00000002   Code   RO         3144    i.HAL_UARTEx_RxEventCallback  stm32f1xx_hal_uart.o
    0x080023a0   0x080023a0   0x00000002   Code   RO         3158    i.HAL_UART_ErrorCallback  stm32f1xx_hal_uart.o
    0x080023a2   0x080023a2   0x00000002   PAD
    0x080023a4   0x080023a4   0x0000026c   Code   RO         3161    i.HAL_UART_IRQHandler  stm32f1xx_hal_uart.o
    0x08002610   0x08002610   0x00000064   Code   RO         3162    i.HAL_UART_Init     stm32f1xx_hal_uart.o
    0x08002674   0x08002674   0x0000010c   Code   RO          360    i.HAL_UART_MspInit  usart.o
    0x08002780   0x08002780   0x0000001c   Code   RO         3167    i.HAL_UART_Receive_IT  stm32f1xx_hal_uart.o
    0x0800279c   0x0800279c   0x000001cc   Code   RO         3857    i.HAL_UART_RxCpltCallback  communication.o
    0x08002968   0x08002968   0x0000009a   Code   RO         3170    i.HAL_UART_Transmit  stm32f1xx_hal_uart.o
    0x08002a02   0x08002a02   0x00000002   Code   RO         3173    i.HAL_UART_TxCpltCallback  stm32f1xx_hal_uart.o
    0x08002a04   0x08002a04   0x00000002   Code   RO          432    i.HardFault_Handler  stm32f1xx_it.o
    0x08002a06   0x08002a06   0x00000002   PAD
    0x08002a08   0x08002a08   0x00000018   Code   RO         3858    i.KT6368A_Init      communication.o
    0x08002a20   0x08002a20   0x000000a4   Code   RO          235    i.MX_ADC1_Init      adc.o
    0x08002ac4   0x08002ac4   0x000000d0   Code   RO          209    i.MX_GPIO_Init      gpio.o
    0x08002b94   0x08002b94   0x0000004c   Code   RO          277    i.MX_SPI1_Init      spi.o
    0x08002be0   0x08002be0   0x0000006c   Code   RO          319    i.MX_TIM1_Init      tim.o
    0x08002c4c   0x08002c4c   0x00000038   Code   RO          361    i.MX_USART1_UART_Init  usart.o
    0x08002c84   0x08002c84   0x00000038   Code   RO          362    i.MX_USART2_UART_Init  usart.o
    0x08002cbc   0x08002cbc   0x00000038   Code   RO          363    i.MX_USART3_UART_Init  usart.o
    0x08002cf4   0x08002cf4   0x00000002   Code   RO          433    i.MemManage_Handler  stm32f1xx_it.o
    0x08002cf6   0x08002cf6   0x00000002   PAD
    0x08002cf8   0x08002cf8   0x000000fc   Code   RO         3768    i.Menu_Init         gui.o
    0x08002df4   0x08002df4   0x00000002   Code   RO          434    i.NMI_Handler       stm32f1xx_it.o
    0x08002df6   0x08002df6   0x00000002   Code   RO         3769    i.NoFun             gui.o
    0x08002df8   0x08002df8   0x0000003c   Code   RO         3533    i.OLED_Clear        oled.o
    0x08002e34   0x08002e34   0x00000148   Code   RO         3537    i.OLED_Init         oled.o
    0x08002f7c   0x08002f7c   0x00000028   Code   RO         3539    i.OLED_Set_Pos      oled.o
    0x08002fa4   0x08002fa4   0x00000044   Code   RO         3544    i.OLED_WR_Byte      oled.o
    0x08002fe8   0x08002fe8   0x00000002   Code   RO          435    i.PendSV_Handler    stm32f1xx_it.o
    0x08002fea   0x08002fea   0x00000002   PAD
    0x08002fec   0x08002fec   0x00000018   Code   RO         3545    i.SPI1_Communication  oled.o
    0x08003004   0x08003004   0x00000020   Code   RO         1886    i.SPI_EndRxTxTransaction  stm32f1xx_hal_spi.o
    0x08003024   0x08003024   0x000000b8   Code   RO         1891    i.SPI_WaitFlagStateUntilTimeout  stm32f1xx_hal_spi.o
    0x080030dc   0x080030dc   0x00000002   Code   RO          436    i.SVC_Handler       stm32f1xx_it.o
    0x080030de   0x080030de   0x00000002   PAD
    0x080030e0   0x080030e0   0x00000090   Code   RO         3859    i.SendFloatMsg      communication.o
    0x08003170   0x08003170   0x00000004   Code   RO          437    i.SysTick_Handler   stm32f1xx_it.o
    0x08003174   0x08003174   0x00000084   Code   RO           14    i.SystemClock_Config  main.o
    0x080031f8   0x080031f8   0x00000010   Code   RO         3496    i.SystemInit        system_stm32f1xx.o
    0x08003208   0x08003208   0x0000000c   Code   RO          438    i.TIM1_BRK_IRQHandler  stm32f1xx_it.o
    0x08003214   0x08003214   0x0000000c   Code   RO          439    i.TIM1_UP_IRQHandler  stm32f1xx_it.o
    0x08003220   0x08003220   0x0000006c   Code   RO         2254    i.TIM_Base_SetConfig  stm32f1xx_hal_tim.o
    0x0800328c   0x0800328c   0x00000014   Code   RO         2265    i.TIM_ETR_SetConfig  stm32f1xx_hal_tim.o
    0x080032a0   0x080032a0   0x00000010   Code   RO         2266    i.TIM_ITRx_SetConfig  stm32f1xx_hal_tim.o
    0x080032b0   0x080032b0   0x00000022   Code   RO         2272    i.TIM_TI1_ConfigInputStage  stm32f1xx_hal_tim.o
    0x080032d2   0x080032d2   0x00000024   Code   RO         2274    i.TIM_TI2_ConfigInputStage  stm32f1xx_hal_tim.o
    0x080032f6   0x080032f6   0x00000010   Code   RO         3175    i.UART_DMAAbortOnError  stm32f1xx_hal_uart.o
    0x08003306   0x08003306   0x0000004e   Code   RO         3185    i.UART_EndRxTransfer  stm32f1xx_hal_uart.o
    0x08003354   0x08003354   0x000000c2   Code   RO         3187    i.UART_Receive_IT   stm32f1xx_hal_uart.o
    0x08003416   0x08003416   0x00000002   PAD
    0x08003418   0x08003418   0x000000b8   Code   RO         3188    i.UART_SetConfig    stm32f1xx_hal_uart.o
    0x080034d0   0x080034d0   0x00000036   Code   RO         3190    i.UART_Start_Receive_IT  stm32f1xx_hal_uart.o
    0x08003506   0x08003506   0x00000078   Code   RO         3191    i.UART_WaitOnFlagUntilTimeout  stm32f1xx_hal_uart.o
    0x0800357e   0x0800357e   0x00000002   PAD
    0x08003580   0x08003580   0x0000000c   Code   RO          440    i.USART1_IRQHandler  stm32f1xx_it.o
    0x0800358c   0x0800358c   0x00000002   Code   RO          441    i.UsageFault_Handler  stm32f1xx_it.o
    0x0800358e   0x0800358e   0x00000002   PAD
    0x08003590   0x08003590   0x00000028   Code   RO         7671    i.__0sprintf        mc_w.l(printfa.o)
    0x080035b8   0x080035b8   0x00000024   Code   RO         7675    i.__0vsprintf       mc_w.l(printfa.o)
    0x080035dc   0x080035dc   0x00000020   Code   RO         1350    i.__NVIC_SetPriority  stm32f1xx_hal_cortex.o
    0x080035fc   0x080035fc   0x0000000e   Code   RO         7780    i.__scatterload_copy  mc_w.l(handlers.o)
    0x0800360a   0x0800360a   0x00000002   Code   RO         7781    i.__scatterload_null  mc_w.l(handlers.o)
    0x0800360c   0x0800360c   0x0000000e   Code   RO         7782    i.__scatterload_zeroinit  mc_w.l(handlers.o)
    0x0800361a   0x0800361a   0x00000002   PAD
    0x0800361c   0x0800361c   0x00000184   Code   RO         7676    i._fp_digits        mc_w.l(printfa.o)
    0x080037a0   0x080037a0   0x000006dc   Code   RO         7677    i._printf_core      mc_w.l(printfa.o)
    0x08003e7c   0x08003e7c   0x00000024   Code   RO         7678    i._printf_post_padding  mc_w.l(printfa.o)
    0x08003ea0   0x08003ea0   0x0000002e   Code   RO         7679    i._printf_pre_padding  mc_w.l(printfa.o)
    0x08003ece   0x08003ece   0x0000000a   Code   RO         7681    i._sputc            mc_w.l(printfa.o)
    0x08003ed8   0x08003ed8   0x00000030   Code   RO         3691    i.atprintf          at_cmd.o
    0x08003f08   0x08003f08   0x000002b8   Code   RO         3770    i.dispaly           gui.o
    0x080041c0   0x080041c0   0x00000044   Code   RO         3860    i.get_mf_mode       communication.o
    0x08004204   0x08004204   0x0000000c   Code   RO         3861    i.get_rc_connected  communication.o
    0x08004210   0x08004210   0x0000000c   Code   RO         3862    i.get_voltage       communication.o
    0x0800421c   0x0800421c   0x00000010   Code   RO         3645    i.key_init          key.o
    0x0800422c   0x0800422c   0x00000180   Code   RO           15    i.main              main.o
    0x080043ac   0x080043ac   0x0000006c   Code   RO         7698    i.malloc            mc_w.l(malloc.o)
    0x08004418   0x08004418   0x0000000c   Code   RO         3863    i.reset_rc_connected  communication.o
    0x08004424   0x08004424   0x0000000c   Code   RO         3936    i.ringBuffer_get_unused_size  ringbuffer.o
    0x08004430   0x08004430   0x00000018   Code   RO         3937    i.ringBuffer_get_used_size  ringbuffer.o
    0x08004448   0x08004448   0x00000012   Code   RO         3938    i.ringBuffer_int    ringbuffer.o
    0x0800445a   0x0800445a   0x00000054   Code   RO         3939    i.ringBuffer_pop_data  ringbuffer.o
    0x080044ae   0x080044ae   0x00000052   Code   RO         3940    i.ringBuffer_push_data  ringbuffer.o
    0x08004500   0x08004500   0x0000001c   Code   RO         3864    i.set_rc_connected  communication.o
    0x0800451c   0x0800451c   0x00000034   Code   RO         3719    i.u8g2Init          u8g2_init.o
    0x08004550   0x08004550   0x00000012   Code   RO         4060    i.u8g2_ClearBuffer  u8g2_buffer.o
    0x08004562   0x08004562   0x00000040   Code   RO         4136    i.u8g2_DrawCircle   u8g2_circle.o
    0x080045a2   0x080045a2   0x00000070   Code   RO         4251    i.u8g2_DrawGlyph    u8g2_font.o
    0x08004612   0x08004612   0x0000000c   Code   RO         5977    i.u8g2_DrawHLine    u8g2_hvline.o
    0x0800461e   0x0800461e   0x00000002   PAD
    0x08004620   0x08004620   0x000000ac   Code   RO         5978    i.u8g2_DrawHVLine   u8g2_hvline.o
    0x080046cc   0x080046cc   0x00000094   Code   RO         3976    i.u8g2_DrawHXBMP    u8g2_bitmap.o
    0x08004760   0x08004760   0x0000002e   Code   RO         5979    i.u8g2_DrawPixel    u8g2_hvline.o
    0x0800478e   0x0800478e   0x00000002   PAD
    0x08004790   0x08004790   0x00000010   Code   RO         4252    i.u8g2_DrawStr      u8g2_font.o
    0x080047a0   0x080047a0   0x0000000c   Code   RO         5980    i.u8g2_DrawVLine    u8g2_hvline.o
    0x080047ac   0x080047ac   0x0000004c   Code   RO         3979    i.u8g2_DrawXBMP     u8g2_bitmap.o
    0x080047f8   0x080047f8   0x00000030   Code   RO         6039    i.u8g2_IsIntersection  u8g2_intersection.o
    0x08004828   0x08004828   0x00000012   Code   RO         4063    i.u8g2_SendBuffer   u8g2_buffer.o
    0x0800483a   0x0800483a   0x00000020   Code   RO         4268    i.u8g2_SetFont      u8g2_font.o
    0x0800485a   0x0800485a   0x00000002   PAD
    0x0800485c   0x0800485c   0x0000000c   Code   RO         4271    i.u8g2_SetFontPosBaseline  u8g2_font.o
    0x08004868   0x08004868   0x0000001a   Code   RO         6226    i.u8g2_SetMaxClipWindow  u8g2_setup.o
    0x08004882   0x08004882   0x00000042   Code   RO         6227    i.u8g2_SetupBuffer  u8g2_setup.o
    0x080048c4   0x080048c4   0x00000038   Code   RO         4231    i.u8g2_Setup_sh1106_128x64_noname_f  u8g2_d_setup.o
    0x080048fc   0x080048fc   0x00000052   Code   RO         4278    i.u8g2_UpdateRefHeight  u8g2_font.o
    0x0800494e   0x0800494e   0x0000001c   Code   RO         4279    i.u8g2_add_vector_x  u8g2_font.o
    0x0800496a   0x0800496a   0x0000001c   Code   RO         4280    i.u8g2_add_vector_y  u8g2_font.o
    0x08004986   0x08004986   0x0000006e   Code   RO         6229    i.u8g2_apply_clip_window  u8g2_setup.o
    0x080049f4   0x080049f4   0x0000003c   Code   RO         5982    i.u8g2_clip_intersection2  u8g2_hvline.o
    0x08004a30   0x08004a30   0x0000006a   Code   RO         4140    i.u8g2_draw_circle  u8g2_circle.o
    0x08004a9a   0x08004a9a   0x000000ba   Code   RO         4141    i.u8g2_draw_circle_section  u8g2_circle.o
    0x08004b54   0x08004b54   0x00000014   Code   RO         5983    i.u8g2_draw_hv_line_2dir  u8g2_hvline.o
    0x08004b68   0x08004b68   0x0000000c   Code   RO         6231    i.u8g2_draw_l90_r0  u8g2_setup.o
    0x08004b74   0x08004b74   0x00000076   Code   RO         4282    i.u8g2_draw_string  u8g2_font.o
    0x08004bea   0x08004bea   0x00000004   Code   RO         4285    i.u8g2_font_calc_vref_font  u8g2_font.o
    0x08004bee   0x08004bee   0x00000014   Code   RO         4287    i.u8g2_font_decode_get_signed_bits  u8g2_font.o
    0x08004c02   0x08004c02   0x00000034   Code   RO         4288    i.u8g2_font_decode_get_unsigned_bits  u8g2_font.o
    0x08004c36   0x08004c36   0x00000002   PAD
    0x08004c38   0x08004c38   0x0000010c   Code   RO         4289    i.u8g2_font_decode_glyph  u8g2_font.o
    0x08004d44   0x08004d44   0x0000008c   Code   RO         4290    i.u8g2_font_decode_len  u8g2_font.o
    0x08004dd0   0x08004dd0   0x00000072   Code   RO         4291    i.u8g2_font_get_glyph_data  u8g2_font.o
    0x08004e42   0x08004e42   0x00000014   Code   RO         4292    i.u8g2_font_get_word  u8g2_font.o
    0x08004e56   0x08004e56   0x00000034   Code   RO         4293    i.u8g2_font_setup_decode  u8g2_font.o
    0x08004e8a   0x08004e8a   0x00000018   Code   RO         6040    i.u8g2_is_intersection_decision_tree  u8g2_intersection.o
    0x08004ea2   0x08004ea2   0x00000002   PAD
    0x08004ea4   0x08004ea4   0x00000090   Code   RO         6088    i.u8g2_ll_hvline_vertical_top_lsb  u8g2_ll_hvline.o
    0x08004f34   0x08004f34   0x0000000c   Code   RO         4218    i.u8g2_m_16_8_f     u8g2_d_memory.o
    0x08004f40   0x08004f40   0x0000006a   Code   RO         4294    i.u8g2_read_font_info  u8g2_font.o
    0x08004faa   0x08004faa   0x0000004e   Code   RO         4071    i.u8g2_send_buffer  u8g2_buffer.o
    0x08004ff8   0x08004ff8   0x00000058   Code   RO         6235    i.u8g2_update_dimension_common  u8g2_setup.o
    0x08005050   0x08005050   0x00000004   Code   RO         6236    i.u8g2_update_dimension_r0  u8g2_setup.o
    0x08005054   0x08005054   0x00000022   Code   RO         6240    i.u8g2_update_page_win_r0  u8g2_setup.o
    0x08005076   0x08005076   0x0000001e   Code   RO         7010    i.u8x8_DrawTile     u8x8_display.o
    0x08005094   0x08005094   0x00000010   Code   RO         7012    i.u8x8_InitDisplay  u8x8_display.o
    0x080050a4   0x080050a4   0x00000010   Code   RO         7013    i.u8x8_RefreshDisplay  u8x8_display.o
    0x080050b4   0x080050b4   0x00000010   Code   RO         7016    i.u8x8_SetPowerSave  u8x8_display.o
    0x080050c4   0x080050c4   0x00000022   Code   RO         7310    i.u8x8_Setup        u8x8_setup.o
    0x080050e6   0x080050e6   0x00000002   PAD
    0x080050e8   0x080050e8   0x00000028   Code   RO         7311    i.u8x8_SetupDefaults  u8x8_setup.o
    0x08005110   0x08005110   0x00000010   Code   RO         7017    i.u8x8_SetupMemory  u8x8_display.o
    0x08005120   0x08005120   0x0000000e   Code   RO         6509    i.u8x8_ascii_next   u8x8_8x8.o
    0x0800512e   0x0800512e   0x00000002   PAD
    0x08005130   0x08005130   0x0000004c   Code   RO         3720    i.u8x8_byte_4wire_hw_spi  u8g2_init.o
    0x0800517c   0x0800517c   0x0000000e   Code   RO         6635    i.u8x8_byte_SendByte  u8x8_byte.o
    0x0800518a   0x0800518a   0x00000010   Code   RO         6637    i.u8x8_byte_SetDC   u8x8_byte.o
    0x0800519a   0x0800519a   0x00000052   Code   RO         6750    i.u8x8_cad_001      u8x8_cad.o
    0x080051ec   0x080051ec   0x00000010   Code   RO         6754    i.u8x8_cad_EndTransfer  u8x8_cad.o
    0x080051fc   0x080051fc   0x00000010   Code   RO         6755    i.u8x8_cad_SendArg  u8x8_cad.o
    0x0800520c   0x0800520c   0x00000010   Code   RO         6756    i.u8x8_cad_SendCmd  u8x8_cad.o
    0x0800521c   0x0800521c   0x00000010   Code   RO         6757    i.u8x8_cad_SendData  u8x8_cad.o
    0x0800522c   0x0800522c   0x00000068   Code   RO         6759    i.u8x8_cad_SendSequence  u8x8_cad.o
    0x08005294   0x08005294   0x00000010   Code   RO         6760    i.u8x8_cad_StartTransfer  u8x8_cad.o
    0x080052a4   0x080052a4   0x00000060   Code   RO         7018    i.u8x8_d_helper_display_init  u8x8_display.o
    0x08005304   0x08005304   0x0000000a   Code   RO         7019    i.u8x8_d_helper_display_setup_memory  u8x8_display.o
    0x0800530e   0x0800530e   0x00000002   PAD
    0x08005310   0x08005310   0x0000003c   Code   RO         6946    i.u8x8_d_sh1106_128x64_noname  u8x8_d_ssd1306_128x64_noname.o
    0x0800534c   0x0800534c   0x000000c8   Code   RO         6952    i.u8x8_d_ssd1306_sh1106_generic  u8x8_d_ssd1306_128x64_noname.o
    0x08005414   0x08005414   0x00000004   Code   RO         7313    i.u8x8_dummy_cb     u8x8_setup.o
    0x08005418   0x08005418   0x0000002e   Code   RO         3721    i.u8x8_gpio_and_delay  u8g2_init.o
    0x08005446   0x08005446   0x0000000c   Code   RO         7232    i.u8x8_gpio_call    u8x8_gpio.o
    0x08005452   0x08005452   0x00000008   Code   RO         6517    i.u8x8_utf8_init    u8x8_8x8.o
    0x0800545a   0x0800545a   0x00000012   Data   RO         1048    .constdata          stm32f1xx_hal_rcc.o
    0x0800546c   0x0800546c   0x00000012   Data   RO         1140    .constdata          stm32f1xx_hal_rcc_ex.o
    0x0800547e   0x0800547e   0x00000010   Data   RO         3497    .constdata          system_stm32f1xx.o
    0x0800548e   0x0800548e   0x00000008   Data   RO         3498    .constdata          system_stm32f1xx.o
    0x08005496   0x08005496   0x00000088   Data   RO         3773    .constdata          gui.o
    0x0800551e   0x0800551e   0x0000068d   Data   RO         4560    .constdata          u8g2_fonts.o
    0x08005bab   0x08005bab   0x00000001   PAD
    0x08005bac   0x08005bac   0x0000000c   Data   RO         6244    .constdata          u8g2_setup.o
    0x08005bb8   0x08005bb8   0x00000114   Data   RO         6953    .constdata          u8x8_d_ssd1306_128x64_noname.o
    0x08005ccc   0x08005ccc   0x00000020   Data   RO         7778    Region$$Table       anon$$obj.o


    Execution Region RW_IRAM1 (Exec base: 0x20000000, Load base: 0x08005cec, Size: 0x000011e8, Max: 0x00005000, ABSOLUTE)

    Exec Addr    Load Addr    Size         Type   Attr      Idx    E Section Name        Object

    0x20000000   0x08005cec   0x0000000c   Data   RW          885    .data               stm32f1xx_hal.o
    0x2000000c   0x08005cf8   0x00000004   Data   RW         3499    .data               system_stm32f1xx.o
    0x20000010   0x08005cfc   0x00000006   Data   RW         3647    .data               key.o
    0x20000016   0x08005d02   0x00000002   PAD
    0x20000018   0x08005d04   0x000000e4   Data   RW         3774    .data               gui.o
    0x200000fc   0x08005de8   0x00000008   Data   RW         3866    .data               communication.o
    0x20000104   0x08005df0   0x00000004   Data   RW         7759    .data               mc_w.l(mvars.o)
    0x20000108   0x08005df4   0x00000004   Data   RW         7760    .data               mc_w.l(mvars.o)
    0x2000010c        -       0x00000030   Zero   RW          236    .bss                adc.o
    0x2000013c        -       0x00000058   Zero   RW          278    .bss                spi.o
    0x20000194        -       0x00000048   Zero   RW          320    .bss                tim.o
    0x200001dc        -       0x000000d8   Zero   RW          366    .bss                usart.o
    0x200002b4        -       0x00000488   Zero   RW         3646    .bss                key.o
    0x2000073c        -       0x00000088   Zero   RW         3772    .bss                gui.o
    0x200007c4        -       0x00000020   Zero   RW         3865    .bss                communication.o
    0x200007e4        -       0x00000400   Zero   RW         4219    .bss                u8g2_d_memory.o
    0x20000be4   0x08005df8   0x00000004   PAD
    0x20000be8        -       0x00000200   Zero   RW            2    HEAP                startup_stm32f103xb.o
    0x20000de8        -       0x00000400   Zero   RW            1    STACK               startup_stm32f103xb.o


==============================================================================

Image component sizes


      Code (inc. data)   RO Data    RW Data    ZI Data      Debug   Object Name

       252         22          0          0         48       1641   adc.o
        48          6          0          0          0        539   at_cmd.o
       760        102          0          8         32       5681   communication.o
       208         18          0          0          0        943   gpio.o
      1176         94        136        228        136       5909   gui.o
       696         34          0          6       1160       2896   key.o
       522         68          0          0          0     579770   main.o
       520         14          0          0          0       3199   oled.o
       220          0          0          0          0       3988   ringbuffer.o
       188         28          0          0         88       1597   spi.o
        36          8        236          0       1536        784   startup_stm32f103xb.o
       164         28          0         12          0       5741   stm32f1xx_hal.o
      1312         54          0          0          0       7047   stm32f1xx_hal_adc.o
       216          6          0          0          0       1390   stm32f1xx_hal_adc_ex.o
       198         14          0          0          0      28811   stm32f1xx_hal_cortex.o
       222          4          0          0          0       1711   stm32f1xx_hal_dma.o
       500         34          0          0          0       3439   stm32f1xx_hal_gpio.o
        60          8          0          0          0        830   stm32f1xx_hal_msp.o
      1240         84         18          0          0       4992   stm32f1xx_hal_rcc.o
       400         28         18          0          0       2405   stm32f1xx_hal_rcc_ex.o
       760          4          0          0          0       4278   stm32f1xx_hal_spi.o
       978         26          0          0          0       9477   stm32f1xx_hal_tim.o
       108         12          0          0          0       2321   stm32f1xx_hal_tim_ex.o
      1554         10          0          0          0      10608   stm32f1xx_hal_uart.o
        56         18          0          0          0       4937   stm32f1xx_it.o
        16          6         24          4          0       1131   system_stm32f1xx.o
       184         20          0          0         72       1594   tim.o
       224          0          0          0          0     125219   u8g2_bitmap.o
       114          0          0          0          0       2331   u8g2_buffer.o
       356          0          0          0          0       2958   u8g2_circle.o
        12          4          0          0       1024        776   u8g2_d_memory.o
        56         14          0          0          0        972   u8g2_d_setup.o
      1204         10          0          0          0      12904   u8g2_font.o
         0          0       1677          0          0     105939   u8g2_fonts.o
       322          0          0          0          0       4006   u8g2_hvline.o
       174         22          0          0          0       1874   u8g2_init.o
        72          0          0          0          0       1779   u8g2_intersection.o
       144          0          0          0          0       1298   u8g2_ll_hvline.o
       340          0         12          0          0     110583   u8g2_setup.o
        22          0          0          0          0       1721   u8x8_8x8.o
        30          0          0          0          0       1051   u8x8_byte.o
       266          6          0          0          0       4565   u8x8_cad.o
       260         10        276          0          0       2778   u8x8_d_ssd1306_128x64_noname.o
       200          0          0          0          0       4026   u8x8_display.o
        12          0          0          0          0        549   u8x8_gpio.o
        78          6          0          0          0       1626   u8x8_setup.o
       436         48          0          0        216       4228   usart.o

    ----------------------------------------------------------------------
     16966        870       2430        260       4316    1088842   Object Totals
         0          0         32          0          0          0   (incl. Generated)
        50          0          1          2          4          0   (incl. Padding)

    ----------------------------------------------------------------------

      Code (inc. data)   RO Data    RW Data    ZI Data      Debug   Library Member Name

         0          0          0          0          0          0   entry.o
         0          0          0          0          0          0   entry10a.o
         0          0          0          0          0          0   entry11a.o
         8          4          0          0          0          0   entry2.o
         4          0          0          0          0          0   entry5.o
         0          0          0          0          0          0   entry7b.o
         0          0          0          0          0          0   entry8b.o
         8          4          0          0          0          0   entry9a.o
        30          0          0          0          0          0   handlers.o
        36          8          0          0          0         68   init.o
         0          0          0          0          0          0   iusefp.o
        30          0          0          0          0         68   llshl.o
        36          0          0          0          0         68   llsshr.o
        32          0          0          0          0         68   llushr.o
       108         16          0          0          0         84   malloc.o
        36          0          0          0          0         68   memcpya.o
        36          0          0          0          0        108   memseta.o
         0          0          0          8          0          0   mvars.o
      2312         92          0          0          0        600   printfa.o
        14          0          0          0          0         68   strlen.o
        44          0          0          0          0         80   uidiv.o
        98          0          0          0          0         92   uldiv.o
        48          0          0          0          0         68   cdrcmple.o
        20          0          0          0          0         68   cfcmple.o
        56          0          0          0          0         88   d2f.o
       334          0          0          0          0        148   dadd.o
       222          0          0          0          0        100   ddiv.o
       186          0          0          0          0        176   depilogue.o
        62          0          0          0          0         80   dfixi.o
        48          0          0          0          0         68   dfixul.o
        26          0          0          0          0         76   dfltui.o
       228          0          0          0          0         96   dmul.o
        38          0          0          0          0         68   f2d.o
       176          0          0          0          0        140   fadd.o
       110          0          0          0          0        168   fepilogue.o

    ----------------------------------------------------------------------
      4392        124          0          8          0       2716   Library Totals
         6          0          0          0          0          0   (incl. Padding)

    ----------------------------------------------------------------------

      Code (inc. data)   RO Data    RW Data    ZI Data      Debug   Library Name

      2832        124          0          8          0       1372   mc_w.l
      1554          0          0          0          0       1344   mf_w.l

    ----------------------------------------------------------------------
      4392        124          0          8          0       2716   Library Totals

    ----------------------------------------------------------------------

==============================================================================


      Code (inc. data)   RO Data    RW Data    ZI Data      Debug   

     21358        994       2430        268       4316    1080790   Grand Totals
     21358        994       2430        268       4316    1080790   ELF Image Totals
     21358        994       2430        268          0          0   ROM Totals

==============================================================================

    Total RO  Size (Code + RO Data)                23788 (  23.23kB)
    Total RW  Size (RW Data + ZI Data)              4584 (   4.48kB)
    Total ROM Size (Code + RO Data + RW Data)      24056 (  23.49kB)

==============================================================================

