<html>
<body>
<pre>
<h1>µVision Build Log</h1>
<h2>Tool Versions:</h2>
IDE-Version: ¦ÌVision V5.24.2.0
Copyright (C) 2017 ARM Ltd and ARM Germany GmbH. All rights reserved.
License Information: 1 h'zh, 1, LIC=MGXG8-3U8LF-MSRYP-MDL5X-YDSAT-HHK3X
 
Tool Versions:
Toolchain:       MDK-ARM Professional  Version: 5.24.1
Toolchain Path:  D:\MDK\ARM\ARMCC\Bin
C Compiler:      Armcc.exe V5.06 update 5 (build 528)
Assembler:       Armasm.exe V5.06 update 5 (build 528)
Linker/Locator:  ArmLink.exe V5.06 update 5 (build 528)
Library Manager: ArmAr.exe V5.06 update 5 (build 528)
Hex Converter:   FromElf.exe V5.06 update 5 (build 528)
CPU DLL:         SARMCM3.DLL V5.24.1
Dialog DLL:      DCM.DLL V1.16.0.0
Target DLL:      STLink\ST-LINKIII-KEIL_SWO.dll V3.0.1.0
Dialog DLL:      TCM.DLL V1.32.0.0
 
<h2>Project:</h2>
E:\UAV\FLY_H7\remote_control_V2\MDK-ARM\remote_control.uvprojx
Project File Date:  01/24/2024

<h2>Output:</h2>
*** Using Compiler 'V5.06 update 5 (build 528)', folder: 'D:\MDK\ARM\ARMCC\Bin'
Build target 'remote_control'
compiling gui.c...
../BSP/KT6368/communication.h(17): warning:  #1-D: last line of file ends without a newline
  mf_mode get_mf_mode(void);
..\BSP\GUI\gui.c(67): warning:  #513-D: a value of type "void *" cannot be assigned to an entity of type "void (*)()"
    node->Function = Function;
..\BSP\GUI\gui.c(83): warning:  #513-D: a value of type "void *" cannot be assigned to an entity of type "void (*)()"
    node->Function = Function;
..\BSP\GUI\gui.c(101): warning:  #513-D: a value of type "void *" cannot be assigned to an entity of type "void (*)()"
    node->Function = Function;
..\BSP\GUI\gui.c: 4 warnings, 0 errors
linking...
Program Size: Code=21358 RO-data=2430 RW-data=268 ZI-data=4316  
FromELF: creating hex file...
"remote_control\remote_control.axf" - 0 Error(s), 4 Warning(s).

<h2>Software Packages used:</h2>

Package Vendor: ARM
                http://www.keil.com/pack/ARM.CMSIS.5.9.0.pack
                ARM.CMSIS.5.9.0
                CMSIS (Common Microcontroller Software Interface Standard)
   * Component: CORE Version: 5.6.0

Package Vendor: Keil
                http://www.keil.com/pack/Keil.STM32F1xx_DFP.2.2.0.pack
                Keil.STM32F1xx_DFP.2.2.0
                STMicroelectronics STM32F1 Series Device Support, Drivers and Examples

<h2>Collection of Component include folders:</h2>
  .\RTE\_remote_control
  D:\MDK\ARM\PACK\ARM\CMSIS\5.9.0\CMSIS\Core\Include
  D:\MDK\ARM\PACK\Keil\STM32F1xx_DFP\2.2.0\Device\Include

<h2>Collection of Component Files used:</h2>

   * Component: ARM::CMSIS:CORE:5.6.0
      Include file:  CMSIS\Core\Include\tz_context.h
Build Time Elapsed:  00:00:01
</pre>
</body>
</html>
